Archive member included to satisfy reference by file (symbol)

C:/ST/STM32CubeIDE_1.16.0/STM32CubeIDE/plugins/com.st.stm32cube.ide.mcu.externaltools.gnu-tools-for-stm32.12.3.rel1.win32_1.0.200.202406191623/tools/bin/../lib/gcc/arm-none-eabi/12.3.1/../../../../arm-none-eabi/lib/thumb/v7e-m+fp/hard\libc_nano.a(libc_a-exit.o)
                              C:/ST/STM32CubeIDE_1.16.0/STM32CubeIDE/plugins/com.st.stm32cube.ide.mcu.externaltools.gnu-tools-for-stm32.12.3.rel1.win32_1.0.200.202406191623/tools/bin/../lib/gcc/arm-none-eabi/12.3.1/../../../../arm-none-eabi/lib/thumb/v7e-m+fp/hard/crt0.o (exit)
C:/ST/STM32CubeIDE_1.16.0/STM32CubeIDE/plugins/com.st.stm32cube.ide.mcu.externaltools.gnu-tools-for-stm32.12.3.rel1.win32_1.0.200.202406191623/tools/bin/../lib/gcc/arm-none-eabi/12.3.1/../../../../arm-none-eabi/lib/thumb/v7e-m+fp/hard\libc_nano.a(libc_a-findfp.o)
                              C:/ST/STM32CubeIDE_1.16.0/STM32CubeIDE/plugins/com.st.stm32cube.ide.mcu.externaltools.gnu-tools-for-stm32.12.3.rel1.win32_1.0.200.202406191623/tools/bin/../lib/gcc/arm-none-eabi/12.3.1/../../../../arm-none-eabi/lib/thumb/v7e-m+fp/hard\libc_nano.a(libc_a-exit.o) (__stdio_exit_handler)
C:/ST/STM32CubeIDE_1.16.0/STM32CubeIDE/plugins/com.st.stm32cube.ide.mcu.externaltools.gnu-tools-for-stm32.12.3.rel1.win32_1.0.200.202406191623/tools/bin/../lib/gcc/arm-none-eabi/12.3.1/../../../../arm-none-eabi/lib/thumb/v7e-m+fp/hard\libc_nano.a(libc_a-fwalk.o)
                              C:/ST/STM32CubeIDE_1.16.0/STM32CubeIDE/plugins/com.st.stm32cube.ide.mcu.externaltools.gnu-tools-for-stm32.12.3.rel1.win32_1.0.200.202406191623/tools/bin/../lib/gcc/arm-none-eabi/12.3.1/../../../../arm-none-eabi/lib/thumb/v7e-m+fp/hard\libc_nano.a(libc_a-findfp.o) (_fwalk_sglue)
C:/ST/STM32CubeIDE_1.16.0/STM32CubeIDE/plugins/com.st.stm32cube.ide.mcu.externaltools.gnu-tools-for-stm32.12.3.rel1.win32_1.0.200.202406191623/tools/bin/../lib/gcc/arm-none-eabi/12.3.1/../../../../arm-none-eabi/lib/thumb/v7e-m+fp/hard\libc_nano.a(libc_a-stdio.o)
                              C:/ST/STM32CubeIDE_1.16.0/STM32CubeIDE/plugins/com.st.stm32cube.ide.mcu.externaltools.gnu-tools-for-stm32.12.3.rel1.win32_1.0.200.202406191623/tools/bin/../lib/gcc/arm-none-eabi/12.3.1/../../../../arm-none-eabi/lib/thumb/v7e-m+fp/hard\libc_nano.a(libc_a-findfp.o) (__sread)
C:/ST/STM32CubeIDE_1.16.0/STM32CubeIDE/plugins/com.st.stm32cube.ide.mcu.externaltools.gnu-tools-for-stm32.12.3.rel1.win32_1.0.200.202406191623/tools/bin/../lib/gcc/arm-none-eabi/12.3.1/../../../../arm-none-eabi/lib/thumb/v7e-m+fp/hard\libc_nano.a(libc_a-memset.o)
                              C:/ST/STM32CubeIDE_1.16.0/STM32CubeIDE/plugins/com.st.stm32cube.ide.mcu.externaltools.gnu-tools-for-stm32.12.3.rel1.win32_1.0.200.202406191623/tools/bin/../lib/gcc/arm-none-eabi/12.3.1/../../../../arm-none-eabi/lib/thumb/v7e-m+fp/hard/crt0.o (memset)
C:/ST/STM32CubeIDE_1.16.0/STM32CubeIDE/plugins/com.st.stm32cube.ide.mcu.externaltools.gnu-tools-for-stm32.12.3.rel1.win32_1.0.200.202406191623/tools/bin/../lib/gcc/arm-none-eabi/12.3.1/../../../../arm-none-eabi/lib/thumb/v7e-m+fp/hard\libc_nano.a(libc_a-closer.o)
                              C:/ST/STM32CubeIDE_1.16.0/STM32CubeIDE/plugins/com.st.stm32cube.ide.mcu.externaltools.gnu-tools-for-stm32.12.3.rel1.win32_1.0.200.202406191623/tools/bin/../lib/gcc/arm-none-eabi/12.3.1/../../../../arm-none-eabi/lib/thumb/v7e-m+fp/hard\libc_nano.a(libc_a-stdio.o) (_close_r)
C:/ST/STM32CubeIDE_1.16.0/STM32CubeIDE/plugins/com.st.stm32cube.ide.mcu.externaltools.gnu-tools-for-stm32.12.3.rel1.win32_1.0.200.202406191623/tools/bin/../lib/gcc/arm-none-eabi/12.3.1/../../../../arm-none-eabi/lib/thumb/v7e-m+fp/hard\libc_nano.a(libc_a-reent.o)
                              C:/ST/STM32CubeIDE_1.16.0/STM32CubeIDE/plugins/com.st.stm32cube.ide.mcu.externaltools.gnu-tools-for-stm32.12.3.rel1.win32_1.0.200.202406191623/tools/bin/../lib/gcc/arm-none-eabi/12.3.1/../../../../arm-none-eabi/lib/thumb/v7e-m+fp/hard\libc_nano.a(libc_a-closer.o) (errno)
C:/ST/STM32CubeIDE_1.16.0/STM32CubeIDE/plugins/com.st.stm32cube.ide.mcu.externaltools.gnu-tools-for-stm32.12.3.rel1.win32_1.0.200.202406191623/tools/bin/../lib/gcc/arm-none-eabi/12.3.1/../../../../arm-none-eabi/lib/thumb/v7e-m+fp/hard\libc_nano.a(libc_a-impure.o)
                              C:/ST/STM32CubeIDE_1.16.0/STM32CubeIDE/plugins/com.st.stm32cube.ide.mcu.externaltools.gnu-tools-for-stm32.12.3.rel1.win32_1.0.200.202406191623/tools/bin/../lib/gcc/arm-none-eabi/12.3.1/../../../../arm-none-eabi/lib/thumb/v7e-m+fp/hard\libc_nano.a(libc_a-reent.o) (_impure_ptr)
C:/ST/STM32CubeIDE_1.16.0/STM32CubeIDE/plugins/com.st.stm32cube.ide.mcu.externaltools.gnu-tools-for-stm32.12.3.rel1.win32_1.0.200.202406191623/tools/bin/../lib/gcc/arm-none-eabi/12.3.1/../../../../arm-none-eabi/lib/thumb/v7e-m+fp/hard\libc_nano.a(libc_a-lseekr.o)
[...]
Memory Configuration

Name             Origin             Length             Attributes
CCMRAM           0x10000000         0x00001000         xrw
RAM              0x20000000         0x00003000         xrw
FLASH            0x08000000         0x00010000         xr
*default*        0x00000000         0xffffffff

Linker script and memory map

LOAD C:/ST/STM32CubeIDE_1.16.0/STM32CubeIDE/plugins/com.st.stm32cube.ide.mcu.externaltools.gnu-tools-for-stm32.12.3.rel1.win32_1.0.200.202406191623/tools/bin/../lib/gcc/arm-none-eabi/12.3.1/thumb/v7e-m+fp/hard/crti.o
LOAD C:/ST/STM32CubeIDE_1.16.0/STM32CubeIDE/plugins/com.st.stm32cube.ide.mcu.externaltools.gnu-tools-for-stm32.12.3.rel1.win32_1.0.200.202406191623/tools/bin/../lib/gcc/arm-none-eabi/12.3.1/thumb/v7e-m+fp/hard/crtbegin.o
LOAD C:/ST/STM32CubeIDE_1.16.0/STM32CubeIDE/plugins/com.st.stm32cube.ide.mcu.externaltools.gnu-tools-for-stm32.12.3.rel1.win32_1.0.200.202406191623/tools/bin/../lib/gcc/arm-none-eabi/12.3.1/../../../../arm-none-eabi/lib/thumb/v7e-m+fp/hard/crt0.o
LOAD ./Core/Src/Adafruit_GFX.o
LOAD ./Core/Src/ILI9341.o
LOAD ./Core/Src/fonts.o
LOAD ./Core/Src/gpio.o
LOAD ./Core/Src/i2c.o
LOAD ./Core/Src/main.o
LOAD ./Core/Src/spi.o
LOAD ./Core/Src/stm32f3xx_hal_msp.o
LOAD ./Core/Src/stm32f3xx_it.o
LOAD ./Core/Src/syscalls.o
LOAD ./Core/Src/sysmem.o
LOAD ./Core/Src/system_stm32f3xx.o
LOAD ./Core/Startup/startup_stm32f303k8tx.o
LOAD ./Drivers/STM32F3xx_HAL_Driver/Src/stm32f3xx_hal.o
LOAD ./Drivers/STM32F3xx_HAL_Driver/Src/stm32f3xx_hal_cortex.o
LOAD ./Drivers/STM32F3xx_HAL_Driver/Src/stm32f3xx_hal_dma.o
LOAD ./Drivers/STM32F3xx_HAL_Driver/Src/stm32f3xx_hal_exti.o
LOAD ./Drivers/STM32F3xx_HAL_Driver/Src/stm32f3xx_hal_flash.o
LOAD ./Drivers/STM32F3xx_HAL_Driver/Src/stm32f3xx_hal_flash_ex.o
LOAD ./Drivers/STM32F3xx_HAL_Driver/Src/stm32f3xx_hal_gpio.o
LOAD ./Drivers/STM32F3xx_HAL_Driver/Src/stm32f3xx_hal_i2c.o
LOAD ./Drivers/STM32F3xx_HAL_Driver/Src/stm32f3xx_hal_i2c_ex.o
LOAD ./Drivers/STM32F3xx_HAL_Driver/Src/stm32f3xx_hal_pwr.o
LOAD ./Drivers/STM32F3xx_HAL_Driver/Src/stm32f3xx_hal_pwr_ex.o
LOAD ./Drivers/STM32F3xx_HAL_Driver/Src/stm32f3xx_hal_rcc.o
LOAD ./Drivers/STM32F3xx_HAL_Driver/Src/stm32f3xx_hal_rcc_ex.o
LOAD ./Drivers/STM32F3xx_HAL_Driver/Src/stm32f3xx_hal_spi.o
LOAD ./Drivers/STM32F3xx_HAL_Driver/Src/stm32f3xx_hal_spi_ex.o
LOAD ./Drivers/STM32F3xx_HAL_Driver/Src/stm32f3xx_hal_tim.o
LOAD ./Drivers/STM32F3xx_HAL_Driver/Src/stm32f3xx_hal_tim_ex.o
LOAD ./Drivers/STM32F3xx_HAL_Driver/Src/stm32f3xx_ll_dma.o
LOAD ./Drivers/STM32F3xx_HAL_Driver/Src/stm32f3xx_ll_exti.o
LOAD ./Drivers/STM32F3xx_HAL_Driver/Src/stm32f3xx_ll_gpio.o
LOAD ./Drivers/STM32F3xx_HAL_Driver/Src/stm32f3xx_ll_i2c.o
LOAD ./Drivers/STM32F3xx_HAL_Driver/Src/stm32f3xx_ll_rcc.o
LOAD ./Drivers/STM32F3xx_HAL_Driver/Src/stm32f3xx_ll_utils.o
LOAD ./FATFS/App/fatfs.o
LOAD ./FATFS/Target/user_diskio.o
LOAD ./Middlewares/Third_Party/FatFs/src/diskio.o
LOAD ./Middlewares/Third_Party/FatFs/src/ff.o
LOAD ./Middlewares/Third_Party/FatFs/src/ff_gen_drv.o
LOAD ./Middlewares/Third_Party/FatFs/src/option/syscall.o
LOAD ./Sensors/hts221.o
LOAD ./Sensors/lps25hb.o
START GROUP
LOAD C:/ST/STM32CubeIDE_1.16.0/STM32CubeIDE/plugins/com.st.stm32cube.ide.mcu.externaltools.gnu-tools-for-stm32.12.3.rel1.win32_1.0.200.202406191623/tools/bin/../lib/gcc/arm-none-eabi/12.3.1/../../../../arm-none-eabi/lib/thumb/v7e-m+fp/hard\libc_nano.a
LOAD C:/ST/STM32CubeIDE_1.16.0/STM32CubeIDE/plugins/com.st.stm32cube.ide.mcu.externaltools.gnu-tools-for-stm32.12.3.rel1.win32_1.0.200.202406191623/tools/bin/../lib/gcc/arm-none-eabi/12.3.1/../../../../arm-none-eabi/lib/thumb/v7e-m+fp/hard\libm.a
END GROUP
START GROUP
LOAD C:/ST/STM32CubeIDE_1.16.0/STM32CubeIDE/plugins/com.st.stm32cube.ide.mcu.externaltools.gnu-tools-for-stm32.12.3.rel1.win32_1.0.200.202406191623/tools/bin/../lib/gcc/arm-none-eabi/12.3.1/thumb/v7e-m+fp/hard\libgcc.a
LOAD C:/ST/STM32CubeIDE_1.16.0/STM32CubeIDE/plugins/com.st.stm32cube.ide.mcu.externaltools.gnu-tools-for-stm32.12.3.rel1.win32_1.0.200.202406191623/tools/bin/../lib/gcc/arm-none-eabi/12.3.1/../../../../arm-none-eabi/lib/thumb/v7e-m+fp/hard\libc_nano.a
END GROUP
START GROUP
LOAD C:/ST/STM32CubeIDE_1.16.0/STM32CubeIDE/plugins/com.st.stm32cube.ide.mcu.externaltools.gnu-tools-for-stm32.12.3.rel1.win32_1.0.200.202406191623/tools/bin/../lib/gcc/arm-none-eabi/12.3.1/thumb/v7e-m+fp/hard\libgcc.a
LOAD C:/ST/STM32CubeIDE_1.16.0/STM32CubeIDE/plugins/com.st.stm32cube.ide.mcu.externaltools.gnu-tools-for-stm32.12.3.rel1.win32_1.0.200.202406191623/tools/bin/../lib/gcc/arm-none-eabi/12.3.1/../../../../arm-none-eabi/lib/thumb/v7e-m+fp/hard\libc_nano.a
LOAD C:/ST/STM32CubeIDE_1.16.0/STM32CubeIDE/plugins/com.st.stm32cube.ide.mcu.externaltools.gnu-tools-for-stm32.12.3.rel1.win32_1.0.200.202406191623/tools/bin/../lib/gcc/arm-none-eabi/12.3.1/../../../../arm-none-eabi/lib/thumb/v7e-m+fp/hard\libnosys.a
END GROUP
START GROUP
LOAD C:/ST/STM32CubeIDE_1.16.0/STM32CubeIDE/plugins/com.st.stm32cube.ide.mcu.externaltools.gnu-tools-for-stm32.12.3.rel1.win32_1.0.200.202406191623/tools/bin/../lib/gcc/arm-none-eabi/12.3.1/thumb/v7e-m+fp/hard\libgcc.a
LOAD C:/ST/STM32CubeIDE_1.16.0/STM32CubeIDE/plugins/com.st.stm32cube.ide.mcu.externaltools.gnu-tools-for-stm32.12.3.rel1.win32_1.0.200.202406191623/tools/bin/../lib/gcc/arm-none-eabi/12.3.1/../../../../arm-none-eabi/lib/thumb/v7e-m+fp/hard\libc_nano.a
LOAD C:/ST/STM32CubeIDE_1.16.0/STM32CubeIDE/plugins/com.st.stm32cube.ide.mcu.externaltools.gnu-tools-for-stm32.12.3.rel1.win32_1.0.200.202406191623/tools/bin/../lib/gcc/arm-none-eabi/12.3.1/../../../../arm-none-eabi/lib/thumb/v7e-m+fp/hard\libnosys.a
END GROUP
LOAD C:/ST/STM32CubeIDE_1.16.0/STM32CubeIDE/plugins/com.st.stm32cube.ide.mcu.externaltools.gnu-tools-for-stm32.12.3.rel1.win32_1.0.200.202406191623/tools/bin/../lib/gcc/arm-none-eabi/12.3.1/thumb/v7e-m+fp/hard/crtend.o
LOAD C:/ST/STM32CubeIDE_1.16.0/STM32CubeIDE/plugins/com.st.stm32cube.ide.mcu.externaltools.gnu-tools-for-stm32.12.3.rel1.win32_1.0.200.202406191623/tools/bin/../lib/gcc/arm-none-eabi/12.3.1/thumb/v7e-m+fp/hard/crtn.o
                0x20003000                        _estack = (ORIGIN (RAM) + LENGTH (RAM))
                0x00000200                        _Min_Heap_Size = 0x200
                0x00000400                        _Min_Stack_Size = 0x400

.isr_vector     0x08000000      0x188
                0x08000000                        . = ALIGN (0x4)
 *(.isr_vector)
 .isr_vector    0x08000000      0x188 ./Core/Startup/startup_stm32f303k8tx.o
                0x08000000                g_pfnVectors
                0x08000188                        . = ALIGN (0x4)

.text           0x08000188     0x3e1c
                0x08000188                        . = ALIGN (0x4)
 *(.text)
 .text          0x08000188       0x40 C:/ST/STM32CubeIDE_1.16.0/STM32CubeIDE/plugins/com.st.stm32cube.ide.mcu.externaltools.gnu-tools-for-stm32.12.3.rel1.win32_1.0.200.202406191623/tools/bin/../lib/gcc/arm-none-eabi/12.3.1/thumb/v7e-m+fp/hard/crtbegin.o
 *(.text*)
 .text.GFX_Init
                0x080001c8       0x12 ./Core/Src/Adafruit_GFX.o
                0x080001c8                GFX_Init
 .text.GFX_FillScreen
                0x080001da       0x1a ./Core/Src/Adafruit_GFX.o
                0x080001da                GFX_FillScreen
 .text.GFX_SetCursor
                0x080001f4       0x30 ./Core/Src/Adafruit_GFX.o
                0x080001f4                GFX_SetCursor
 .text.GFX_SetTextColor
                0x08000224       0x20 ./Core/Src/Adafruit_GFX.o
                0x08000224                GFX_SetTextColor
 .text.GFX_Print
                0x08000244       0x60 ./Core/Src/Adafruit_GFX.o
                0x08000244                GFX_Print
 .text.ILI9341_SendCommand
                0x080002a4       0x48 ./Core/Src/ILI9341.o
                0x080002a4                ILI9341_SendCommand
 .text.ILI9341_SendData
                0x080002ec       0x48 ./Core/Src/ILI9341.o
                0x080002ec                ILI9341_SendData
 .text.ILI9341_Init
                0x08000334       0x9c ./Core/Src/ILI9341.o
                0x08000334                ILI9341_Init
 .text.ILI9341_DrawPixel
                0x080003d0       0xce ./Core/Src/ILI9341.o
                0x080003d0                ILI9341_DrawPixel
 *fill*         0x0800049e        0x2 
 .text.ILI9341_FillScreen
                0x080004a0       0x84 ./Core/Src/ILI9341.o
                0x080004a0                ILI9341_FillScreen
 .text.ILI9341_DrawChar
                0x08000524      0x108 ./Core/Src/ILI9341.o
                0x08000524                ILI9341_DrawChar
 .text.MX_GPIO_Init
                0x0800062c       0x74 ./Core/Src/gpio.o
                0x0800062c                MX_GPIO_Init
 .text.__NVIC_GetPriorityGrouping
                0x080006a0       0x1c ./Core/Src/i2c.o
 .text.__NVIC_EnableIRQ
                0x080006bc       0x3c ./Core/Src/i2c.o
 .text.__NVIC_SetPriority
                0x080006f8       0x54 ./Core/Src/i2c.o
 .text.NVIC_EncodePriority
                0x0800074c       0x66 ./Core/Src/i2c.o
 .text.LL_I2C_Enable
                0x080007b2       0x20 ./Core/Src/i2c.o
 .text.LL_I2C_EnableClockStretching
                0x080007d2       0x20 ./Core/Src/i2c.o
 .text.LL_I2C_DisableGeneralCall
                0x080007f2       0x20 ./Core/Src/i2c.o
 .text.LL_I2C_SetOwnAddress2
                0x08000812       0x30 ./Core/Src/i2c.o
 .text.LL_I2C_DisableOwnAddress2
                0x08000842       0x20 ./Core/Src/i2c.o
 .text.LL_I2C_IsActiveFlag_RXNE
                0x08000862       0x26 ./Core/Src/i2c.o
 .text.LL_I2C_EnableAutoEndMode
                0x08000888       0x20 ./Core/Src/i2c.o
 .text.LL_I2C_ReceiveData8
                0x080008a8       0x1a ./Core/Src/i2c.o
 *fill*         0x080008c2        0x2 
 .text.LL_AHB1_GRP1_EnableClock
                0x080008c4       0x30 ./Core/Src/i2c.o
 .text.LL_APB1_GRP1_EnableClock
                0x080008f4       0x30 ./Core/Src/i2c.o
 .text.MX_I2C1_Init
                0x08000924       0xe0 ./Core/Src/i2c.o
                0x08000924                MX_I2C1_Init
 .text.I2C1_EV_IRQHandler
                0x08000a04       0x54 ./Core/Src/i2c.o
                0x08000a04                I2C1_EV_IRQHandler
 .text.main     0x08000a58       0x64 ./Core/Src/main.o
                0x08000a58                main
 .text.SystemClock_Config
                0x08000abc       0xa4 ./Core/Src/main.o
                0x08000abc                SystemClock_Config
 .text.MX_DMA_Init
                0x08000b60       0x3c ./Core/Src/main.o
 .text.Error_Handler
                0x08000b9c        0xc ./Core/Src/main.o
                0x08000b9c                Error_Handler
 .text.MX_SPI1_Init
                0x08000ba8       0x74 ./Core/Src/spi.o
                0x08000ba8                MX_SPI1_Init
 .text.HAL_MspInit
                0x08000c1c       0x48 ./Core/Src/stm32f3xx_hal_msp.o
                0x08000c1c                HAL_MspInit
 .text.HAL_SPI_MspInit
                0x08000c64       0xe8 ./Core/Src/stm32f3xx_hal_msp.o
                0x08000c64                HAL_SPI_MspInit
 .text.NMI_Handler
                0x08000d4c        0x8 ./Core/Src/stm32f3xx_it.o
                0x08000d4c                NMI_Handler
 .text.HardFault_Handler
                0x08000d54        0x8 ./Core/Src/stm32f3xx_it.o
                0x08000d54                HardFault_Handler
 .text.MemManage_Handler
                0x08000d5c        0x8 ./Core/Src/stm32f3xx_it.o
                0x08000d5c                MemManage_Handler
 .text.BusFault_Handler
                0x08000d64        0x8 ./Core/Src/stm32f3xx_it.o
                0x08000d64                BusFault_Handler
 .text.UsageFault_Handler
                0x08000d6c        0x8 ./Core/Src/stm32f3xx_it.o
                0x08000d6c                UsageFault_Handler
 .text.SVC_Handler
                0x08000d74        0xe ./Core/Src/stm32f3xx_it.o
                0x08000d74                SVC_Handler
 .text.DebugMon_Handler
                0x08000d82        0xe ./Core/Src/stm32f3xx_it.o
                0x08000d82                DebugMon_Handler
 .text.PendSV_Handler
                0x08000d90        0xe ./Core/Src/stm32f3xx_it.o
                0x08000d90                PendSV_Handler
 .text.SysTick_Handler
                0x08000d9e        0xc ./Core/Src/stm32f3xx_it.o
                0x08000d9e                SysTick_Handler
 *fill*         0x08000daa        0x2 
 .text.DMA1_Channel3_IRQHandler
                0x08000dac       0x14 ./Core/Src/stm32f3xx_it.o
                0x08000dac                DMA1_Channel3_IRQHandler
 .text.SPI1_IRQHandler
                0x08000dc0       0x14 ./Core/Src/stm32f3xx_it.o
                0x08000dc0                SPI1_IRQHandler
 .text.SystemInit
                0x08000dd4       0x24 ./Core/Src/system_stm32f3xx.o
                0x08000dd4                SystemInit
 .text.Reset_Handler
                0x08000df8       0x50 ./Core/Startup/startup_stm32f303k8tx.o
                0x08000df8                Reset_Handler
 .text.Default_Handler
                0x08000e48        0x2 ./Core/Startup/startup_stm32f303k8tx.o
                0x08000e48                RTC_Alarm_IRQHandler
                0x08000e48                TIM1_CC_IRQHandler
                0x08000e48                PVD_IRQHandler
                0x08000e48                TAMP_STAMP_IRQHandler
                0x08000e48                EXTI3_IRQHandler
                0x08000e48                EXTI0_IRQHandler
                0x08000e48                FPU_IRQHandler
                0x08000e48                CAN_TX_IRQHandler
                0x08000e48                TIM1_UP_TIM16_IRQHandler
                0x08000e48                ADC1_2_IRQHandler
                0x08000e48                CAN_SCE_IRQHandler
                0x08000e48                DMA1_Channel4_IRQHandler
                0x08000e48                USART3_IRQHandler
                0x08000e48                DMA1_Channel7_IRQHandler
                0x08000e48                TIM7_DAC2_IRQHandler
                0x08000e48                CAN_RX1_IRQHandler
                0x08000e48                DMA1_Channel6_IRQHandler
                0x08000e48                TIM3_IRQHandler
                0x08000e48                RCC_IRQHandler
                0x08000e48                DMA1_Channel1_IRQHandler
                0x08000e48                Default_Handler
                0x08000e48                EXTI15_10_IRQHandler
                0x08000e48                COMP2_IRQHandler
                0x08000e48                TIM6_DAC1_IRQHandler
                0x08000e48                EXTI9_5_IRQHandler
                0x08000e48                RTC_WKUP_IRQHandler
                0x08000e48                DMA1_Channel5_IRQHandler
                0x08000e48                EXTI4_IRQHandler
                0x08000e48                TIM1_TRG_COM_TIM17_IRQHandler
                0x08000e48                WWDG_IRQHandler
                0x08000e48                TIM2_IRQHandler
                0x08000e48                EXTI1_IRQHandler
                0x08000e48                COMP4_6_IRQHandler
                0x08000e48                USART2_IRQHandler
                0x08000e48                DMA1_Channel2_IRQHandler
                0x08000e48                FLASH_IRQHandler
                0x08000e48                USART1_IRQHandler
                0x08000e48                CAN_RX0_IRQHandler
                0x08000e48                I2C1_ER_IRQHandler
                0x08000e48                EXTI2_TSC_IRQHandler
                0x08000e48                TIM1_BRK_TIM15_IRQHandler
 *fill*         0x08000e4a        0x2 
 .text.HAL_Init
                0x08000e4c       0x2c ./Drivers/STM32F3xx_HAL_Driver/Src/stm32f3xx_hal.o
                0x08000e4c                HAL_Init
 .text.HAL_InitTick
                0x08000e78       0x60 ./Drivers/STM32F3xx_HAL_Driver/Src/stm32f3xx_hal.o
                0x08000e78                HAL_InitTick
 .text.HAL_IncTick
                0x08000ed8       0x28 ./Drivers/STM32F3xx_HAL_Driver/Src/stm32f3xx_hal.o
                0x08000ed8                HAL_IncTick
 .text.HAL_GetTick
                0x08000f00       0x18 ./Drivers/STM32F3xx_HAL_Driver/Src/stm32f3xx_hal.o
                0x08000f00                HAL_GetTick
 .text.HAL_Delay
                0x08000f18       0x48 ./Drivers/STM32F3xx_HAL_Driver/Src/stm32f3xx_hal.o
                0x08000f18                HAL_Delay
 .text.__NVIC_SetPriorityGrouping
                0x08000f60       0x48 ./Drivers/STM32F3xx_HAL_Driver/Src/stm32f3xx_hal_cortex.o
 .text.__NVIC_GetPriorityGrouping
                0x08000fa8       0x1c ./Drivers/STM32F3xx_HAL_Driver/Src/stm32f3xx_hal_cortex.o
 .text.__NVIC_EnableIRQ
                0x08000fc4       0x3c ./Drivers/STM32F3xx_HAL_Driver/Src/stm32f3xx_hal_cortex.o
 .text.__NVIC_SetPriority
                0x08001000       0x54 ./Drivers/STM32F3xx_HAL_Driver/Src/stm32f3xx_hal_cortex.o
 .text.NVIC_EncodePriority
                0x08001054       0x66 ./Drivers/STM32F3xx_HAL_Driver/Src/stm32f3xx_hal_cortex.o
 *fill*         0x080010ba        0x2 
 .text.SysTick_Config
                0x080010bc       0x44 ./Drivers/STM32F3xx_HAL_Driver/Src/stm32f3xx_hal_cortex.o
 .text.HAL_NVIC_SetPriorityGrouping
                0x08001100       0x16 ./Drivers/STM32F3xx_HAL_Driver/Src/stm32f3xx_hal_cortex.o
                0x08001100                HAL_NVIC_SetPriorityGrouping
 .text.HAL_NVIC_SetPriority
                0x08001116       0x38 ./Drivers/STM32F3xx_HAL_Driver/Src/stm32f3xx_hal_cortex.o
                0x08001116                HAL_NVIC_SetPriority
 .text.HAL_NVIC_EnableIRQ
                0x0800114e       0x1c ./Drivers/STM32F3xx_HAL_Driver/Src/stm32f3xx_hal_cortex.o
                0x0800114e                HAL_NVIC_EnableIRQ
 .text.HAL_SYSTICK_Config
                0x0800116a       0x18 ./Drivers/STM32F3xx_HAL_Driver/Src/stm32f3xx_hal_cortex.o
                0x0800116a                HAL_SYSTICK_Config
 .text.HAL_DMA_Init
                0x08001182       0x8e ./Drivers/STM32F3xx_HAL_Driver/Src/stm32f3xx_hal_dma.o
                0x08001182                HAL_DMA_Init
 .text.HAL_DMA_Abort_IT
                0x08001210       0x7c ./Drivers/STM32F3xx_HAL_Driver/Src/stm32f3xx_hal_dma.o
                0x08001210                HAL_DMA_Abort_IT
 .text.HAL_DMA_IRQHandler
                0x0800128c      0x146 ./Drivers/STM32F3xx_HAL_Driver/Src/stm32f3xx_hal_dma.o
                0x0800128c                HAL_DMA_IRQHandler
 *fill*         0x080013d2        0x2 
 .text.DMA_CalcBaseAndBitshift
                0x080013d4       0x40 ./Drivers/STM32F3xx_HAL_Driver/Src/stm32f3xx_hal_dma.o
 .text.HAL_GPIO_Init
                0x08001414      0x2e4 ./Drivers/STM32F3xx_HAL_Driver/Src/stm32f3xx_hal_gpio.o
                0x08001414                HAL_GPIO_Init
 .text.HAL_GPIO_WritePin
                0x080016f8       0x30 ./Drivers/STM32F3xx_HAL_Driver/Src/stm32f3xx_hal_gpio.o
                0x080016f8                HAL_GPIO_WritePin
 .text.HAL_RCC_OscConfig
                0x08001728     0x107c ./Drivers/STM32F3xx_HAL_Driver/Src/stm32f3xx_hal_rcc.o
                0x08001728                HAL_RCC_OscConfig
 .text.HAL_RCC_ClockConfig
                0x080027a4      0x2f8 ./Drivers/STM32F3xx_HAL_Driver/Src/stm32f3xx_hal_rcc.o
                0x080027a4                HAL_RCC_ClockConfig
 .text.HAL_RCC_GetSysClockFreq
                0x08002a9c       0xa8 ./Drivers/STM32F3xx_HAL_Driver/Src/stm32f3xx_hal_rcc.o
                0x08002a9c                HAL_RCC_GetSysClockFreq
 .text.HAL_RCCEx_PeriphCLKConfig
                0x08002b44      0x24c ./Drivers/STM32F3xx_HAL_Driver/Src/stm32f3xx_hal_rcc_ex.o
                0x08002b44                HAL_RCCEx_PeriphCLKConfig
 .text.HAL_SPI_Init
                0x08002d90      0x146 ./Drivers/STM32F3xx_HAL_Driver/Src/stm32f3xx_hal_spi.o
                0x08002d90                HAL_SPI_Init
 .text.HAL_SPI_Transmit
                0x08002ed6      0x2ea ./Drivers/STM32F3xx_HAL_Driver/Src/stm32f3xx_hal_spi.o
                0x08002ed6                HAL_SPI_Transmit
 .text.HAL_SPI_Transmit_IT
                0x080031c0      0x118 ./Drivers/STM32F3xx_HAL_Driver/Src/stm32f3xx_hal_spi.o
                0x080031c0                HAL_SPI_Transmit_IT
 .text.HAL_SPI_IRQHandler
                0x080032d8      0x1e8 ./Drivers/STM32F3xx_HAL_Driver/Src/stm32f3xx_hal_spi.o
                0x080032d8                HAL_SPI_IRQHandler
 .text.HAL_SPI_TxCpltCallback
                0x080034c0       0x14 ./Drivers/STM32F3xx_HAL_Driver/Src/stm32f3xx_hal_spi.o
                0x080034c0                HAL_SPI_TxCpltCallback
 .text.HAL_SPI_ErrorCallback
                0x080034d4       0x14 ./Drivers/STM32F3xx_HAL_Driver/Src/stm32f3xx_hal_spi.o
                0x080034d4                HAL_SPI_ErrorCallback
 .text.SPI_DMAAbortOnError
                0x080034e8       0x2a ./Drivers/STM32F3xx_HAL_Driver/Src/stm32f3xx_hal_spi.o
 .text.SPI_TxISR_8BIT
                0x08003512       0x46 ./Drivers/STM32F3xx_HAL_Driver/Src/stm32f3xx_hal_spi.o
 .text.SPI_TxISR_16BIT
                0x08003558       0x44 ./Drivers/STM32F3xx_HAL_Driver/Src/stm32f3xx_hal_spi.o
 .text.SPI_WaitFlagStateUntilTimeout
                0x0800359c      0x110 ./Drivers/STM32F3xx_HAL_Driver/Src/stm32f3xx_hal_spi.o
 .text.SPI_WaitFifoStateUntilTimeout
                0x080036ac      0x12c ./Drivers/STM32F3xx_HAL_Driver/Src/stm32f3xx_hal_spi.o
 .text.SPI_EndRxTxTransaction
                0x080037d8       0x8c ./Drivers/STM32F3xx_HAL_Driver/Src/stm32f3xx_hal_spi.o
 .text.SPI_CloseTx_ISR
                0x08003864       0x7e ./Drivers/STM32F3xx_HAL_Driver/Src/stm32f3xx_hal_spi.o
 .text.LL_GPIO_SetPinMode
                0x080038e2       0x5e ./Drivers/STM32F3xx_HAL_Driver/Src/stm32f3xx_ll_gpio.o
 .text.LL_GPIO_SetPinOutputType
                0x08003940       0x30 ./Drivers/STM32F3xx_HAL_Driver/Src/stm32f3xx_ll_gpio.o
 .text.LL_GPIO_SetPinSpeed
                0x08003970       0x5e ./Drivers/STM32F3xx_HAL_Driver/Src/stm32f3xx_ll_gpio.o
 .text.LL_GPIO_SetPinPull
                0x080039ce       0x5e ./Drivers/STM32F3xx_HAL_Driver/Src/stm32f3xx_ll_gpio.o
 .text.LL_GPIO_SetAFPin_0_7
                0x08003a2c       0x5e ./Drivers/STM32F3xx_HAL_Driver/Src/stm32f3xx_ll_gpio.o
 .text.LL_GPIO_SetAFPin_8_15
                0x08003a8a       0x62 ./Drivers/STM32F3xx_HAL_Driver/Src/stm32f3xx_ll_gpio.o
 .text.LL_GPIO_Init
                0x08003aec       0xe0 ./Drivers/STM32F3xx_HAL_Driver/Src/stm32f3xx_ll_gpio.o
                0x08003aec                LL_GPIO_Init
 .text.LL_I2C_Enable
                0x08003bcc       0x20 ./Drivers/STM32F3xx_HAL_Driver/Src/stm32f3xx_ll_i2c.o
 .text.LL_I2C_Disable
                0x08003bec       0x20 ./Drivers/STM32F3xx_HAL_Driver/Src/stm32f3xx_ll_i2c.o
 .text.LL_I2C_ConfigFilters
                0x08003c0c       0x2e ./Drivers/STM32F3xx_HAL_Driver/Src/stm32f3xx_ll_i2c.o
 .text.LL_I2C_SetOwnAddress1
                0x08003c3a       0x30 ./Drivers/STM32F3xx_HAL_Driver/Src/stm32f3xx_ll_i2c.o
 .text.LL_I2C_EnableOwnAddress1
                0x08003c6a       0x20 ./Drivers/STM32F3xx_HAL_Driver/Src/stm32f3xx_ll_i2c.o
 .text.LL_I2C_DisableOwnAddress1
                0x08003c8a       0x20 ./Drivers/STM32F3xx_HAL_Driver/Src/stm32f3xx_ll_i2c.o
 .text.LL_I2C_SetTiming
                0x08003caa       0x1c ./Drivers/STM32F3xx_HAL_Driver/Src/stm32f3xx_ll_i2c.o
 .text.LL_I2C_SetMode
                0x08003cc6       0x26 ./Drivers/STM32F3xx_HAL_Driver/Src/stm32f3xx_ll_i2c.o
 .text.LL_I2C_AcknowledgeNextData
                0x08003cec       0x26 ./Drivers/STM32F3xx_HAL_Driver/Src/stm32f3xx_ll_i2c.o
 .text.LL_I2C_Init
                0x08003d12       0x78 ./Drivers/STM32F3xx_HAL_Driver/Src/stm32f3xx_ll_i2c.o
                0x08003d12                LL_I2C_Init
 *fill*         0x08003d8a        0x2 
 .text.MX_FATFS_Init
                0x08003d8c       0x24 ./FATFS/App/fatfs.o
                0x08003d8c                MX_FATFS_Init
 .text.USER_initialize
                0x08003db0       0x28 ./FATFS/Target/user_diskio.o
                0x08003db0                USER_initialize
 .text.USER_status
                0x08003dd8       0x28 ./FATFS/Target/user_diskio.o
                0x08003dd8                USER_status
 .text.USER_read
                0x08003e00       0x1e ./FATFS/Target/user_diskio.o
                0x08003e00                USER_read
 .text.USER_write
                0x08003e1e       0x1e ./FATFS/Target/user_diskio.o
                0x08003e1e                USER_write
 .text.USER_ioctl
                0x08003e3c       0x22 ./FATFS/Target/user_diskio.o
                0x08003e3c                USER_ioctl
 *fill*         0x08003e5e        0x2 
 .text.FATFS_LinkDriverEx
                0x08003e60       0x98 ./Middlewares/Third_Party/FatFs/src/ff_gen_drv.o
                0x08003e60                FATFS_LinkDriverEx
 .text.FATFS_LinkDriver
                0x08003ef8       0x1e ./Middlewares/Third_Party/FatFs/src/ff_gen_drv.o
                0x08003ef8                FATFS_LinkDriver
 .text.memset   0x08003f16       0x10 C:/ST/STM32CubeIDE_1.16.0/STM32CubeIDE/plugins/com.st.stm32cube.ide.mcu.externaltools.gnu-tools-for-stm32.12.3.rel1.win32_1.0.200.202406191623/tools/bin/../lib/gcc/arm-none-eabi/12.3.1/../../../../arm-none-eabi/lib/thumb/v7e-m+fp/hard\libc_nano.a(libc_a-memset.o)
                0x08003f16                memset
 *fill*         0x08003f26        0x2 
 .text.__libc_init_array
                0x08003f28       0x48 C:/ST/STM32CubeIDE_1.16.0/STM32CubeIDE/plugins/com.st.stm32cube.ide.mcu.externaltools.gnu-tools-for-stm32.12.3.rel1.win32_1.0.200.202406191623/tools/bin/../lib/gcc/arm-none-eabi/12.3.1/../../../../arm-none-eabi/lib/thumb/v7e-m+fp/hard\libc_nano.a(libc_a-init.o)
                0x08003f28                __libc_init_array
 .text.memcpy   0x08003f70       0x1c C:/ST/STM32CubeIDE_1.16.0/STM32CubeIDE/plugins/com.st.stm32cube.ide.mcu.externaltools.gnu-tools-for-stm32.12.3.rel1.win32_1.0.200.202406191623/tools/bin/../lib/gcc/arm-none-eabi/12.3.1/../../../../arm-none-eabi/lib/thumb/v7e-m+fp/hard\libc_nano.a(libc_a-memcpy-stub.o)
                0x08003f70                memcpy
 *(.glue_7)
 .glue_7        0x08003f8c        0x0 linker stubs
 *(.glue_7t)
 .glue_7t       0x08003f8c        0x0 linker stubs
 *(.eh_frame)
 .eh_frame      0x08003f8c        0x0 C:/ST/STM32CubeIDE_1.16.0/STM32CubeIDE/plugins/com.st.stm32cube.ide.mcu.externaltools.gnu-tools-for-stm32.12.3.rel1.win32_1.0.200.202406191623/tools/bin/../lib/gcc/arm-none-eabi/12.3.1/thumb/v7e-m+fp/hard/crtbegin.o
 *(.init)
 .init          0x08003f8c        0x4 C:/ST/STM32CubeIDE_1.16.0/STM32CubeIDE/plugins/com.st.stm32cube.ide.mcu.externaltools.gnu-tools-for-stm32.12.3.rel1.win32_1.0.200.202406191623/tools/bin/../lib/gcc/arm-none-eabi/12.3.1/thumb/v7e-m+fp/hard/crti.o
                0x08003f8c                _init
 .init          0x08003f90        0x8 C:/ST/STM32CubeIDE_1.16.0/STM32CubeIDE/plugins/com.st.stm32cube.ide.mcu.externaltools.gnu-tools-for-stm32.12.3.rel1.win32_1.0.200.202406191623/tools/bin/../lib/gcc/arm-none-eabi/12.3.1/thumb/v7e-m+fp/hard/crtn.o
 *(.fini)
 .fini          0x08003f98        0x4 C:/ST/STM32CubeIDE_1.16.0/STM32CubeIDE/plugins/com.st.stm32cube.ide.mcu.externaltools.gnu-tools-for-stm32.12.3.rel1.win32_1.0.200.202406191623/tools/bin/../lib/gcc/arm-none-eabi/12.3.1/thumb/v7e-m+fp/hard/crti.o
                0x08003f98                _fini
 .fini          0x08003f9c        0x8 C:/ST/STM32CubeIDE_1.16.0/STM32CubeIDE/plugins/com.st.stm32cube.ide.mcu.externaltools.gnu-tools-for-stm32.12.3.rel1.win32_1.0.200.202406191623/tools/bin/../lib/gcc/arm-none-eabi/12.3.1/thumb/v7e-m+fp/hard/crtn.o
                0x08003fa4                        . = ALIGN (0x4)
                0x08003fa4                        _etext = .

.vfp11_veneer   0x08003fa4        0x0
 .vfp11_veneer  0x08003fa4        0x0 linker stubs

.v4_bx          0x08003fa4        0x0
 .v4_bx         0x08003fa4        0x0 linker stubs

.iplt           0x08003fa4        0x0
 .iplt          0x08003fa4        0x0 C:/ST/STM32CubeIDE_1.16.0/STM32CubeIDE/plugins/com.st.stm32cube.ide.mcu.externaltools.gnu-tools-for-stm32.12.3.rel1.win32_1.0.200.202406191623/tools/bin/../lib/gcc/arm-none-eabi/12.3.1/thumb/v7e-m+fp/hard/crtbegin.o

.rodata         0x08003fa4      0x290
                0x08003fa4                        . = ALIGN (0x4)
 *(.rodata)
 .rodata        0x08003fa4       0x74 ./Core/Src/ILI9341.o
 .rodata        0x08004018        0xe ./Core/Src/main.o
 *(.rodata*)
 *fill*         0x08004026        0x2 
 .rodata.font   0x08004028      0x1db ./Core/Src/fonts.o
                0x08004028                font
 *fill*         0x08004203        0x1 
 .rodata.AHBPrescTable
                0x08004204       0x10 ./Core/Src/system_stm32f3xx.o
                0x08004204                AHBPrescTable
 .rodata.aPLLMULFactorTable
                0x08004214       0x10 ./Drivers/STM32F3xx_HAL_Driver/Src/stm32f3xx_hal_rcc.o
 .rodata.aPredivFactorTable
                0x08004224       0x10 ./Drivers/STM32F3xx_HAL_Driver/Src/stm32f3xx_hal_rcc.o
                0x08004234                        . = ALIGN (0x4)

.ARM.extab      0x08004234        0x0
                0x08004234                        . = ALIGN (0x4)
 *(.ARM.extab* .gnu.linkonce.armextab.*)
                0x08004234                        . = ALIGN (0x4)

.ARM            0x08004234        0x0
                0x08004234                        . = ALIGN (0x4)
                0x08004234                        __exidx_start = .
 *(.ARM.exidx*)
                0x08004234                        __exidx_end = .
                0x08004234                        . = ALIGN (0x4)

.preinit_array  0x08004234        0x0
                0x08004234                        . = ALIGN (0x4)
                0x08004234                        PROVIDE (__preinit_array_start = .)
 *(.preinit_array*)
                0x08004234                        PROVIDE (__preinit_array_end = .)
                0x08004234                        . = ALIGN (0x4)

.init_array     0x08004234        0x4
                0x08004234                        . = ALIGN (0x4)
                0x08004234                        PROVIDE (__init_array_start = .)
 *(SORT_BY_NAME(.init_array.*))
 *(.init_array*)
 .init_array    0x08004234        0x4 C:/ST/STM32CubeIDE_1.16.0/STM32CubeIDE/plugins/com.st.stm32cube.ide.mcu.externaltools.gnu-tools-for-stm32.12.3.rel1.win32_1.0.200.202406191623/tools/bin/../lib/gcc/arm-none-eabi/12.3.1/thumb/v7e-m+fp/hard/crtbegin.o
                0x08004238                        PROVIDE (__init_array_end = .)
                0x08004238                        . = ALIGN (0x4)

.fini_array     0x08004238        0x4
                0x08004238                        . = ALIGN (0x4)
                [!provide]                        PROVIDE (__fini_array_start = .)
 *(SORT_BY_NAME(.fini_array.*))
 *(.fini_array*)
 .fini_array    0x08004238        0x4 C:/ST/STM32CubeIDE_1.16.0/STM32CubeIDE/plugins/com.st.stm32cube.ide.mcu.externaltools.gnu-tools-for-stm32.12.3.rel1.win32_1.0.200.202406191623/tools/bin/../lib/gcc/arm-none-eabi/12.3.1/thumb/v7e-m+fp/hard/crtbegin.o
                [!provide]                        PROVIDE (__fini_array_end = .)
                0x0800423c                        . = ALIGN (0x4)
                0x0800423c                        _sidata = LOADADDR (.data)

.rel.dyn        0x0800423c        0x0
 .rel.iplt      0x0800423c        0x0 C:/ST/STM32CubeIDE_1.16.0/STM32CubeIDE/plugins/com.st.stm32cube.ide.mcu.externaltools.gnu-tools-for-stm32.12.3.rel1.win32_1.0.200.202406191623/tools/bin/../lib/gcc/arm-none-eabi/12.3.1/thumb/v7e-m+fp/hard/crtbegin.o

.data           0x20000000       0x28 load address 0x0800423c
                0x20000000                        . = ALIGN (0x4)
                0x20000000                        _sdata = .
 *(.data)
 *(.data*)
 .data.text_color
                0x20000000        0x2 ./Core/Src/Adafruit_GFX.o
 *fill*         0x20000002        0x2 
 .data.TX_Buffer
                0x20000004        0x2 ./Core/Src/main.o
                0x20000004                TX_Buffer
 *fill*         0x20000006        0x2 
 .data.SystemCoreClock
                0x20000008        0x4 ./Core/Src/system_stm32f3xx.o
                0x20000008                SystemCoreClock
 .data.uwTickPrio
                0x2000000c        0x4 ./Drivers/STM32F3xx_HAL_Driver/Src/stm32f3xx_hal.o
                0x2000000c                uwTickPrio
 .data.uwTickFreq
                0x20000010        0x1 ./Drivers/STM32F3xx_HAL_Driver/Src/stm32f3xx_hal.o
                0x20000010                uwTickFreq
 .data.Stat     0x20000011        0x1 ./FATFS/Target/user_diskio.o
 *fill*         0x20000012        0x2 
 .data.USER_Driver
                0x20000014       0x14 ./FATFS/Target/user_diskio.o
                0x20000014                USER_Driver
 *(.RamFunc)
 *(.RamFunc*)
                0x20000028                        . = ALIGN (0x4)
                0x20000028                        _edata = .
                0x08004264                        _siccmram = LOADADDR (.ccmram)

.igot.plt       0x20000028        0x0 load address 0x08004264
 .igot.plt      0x20000028        0x0 C:/ST/STM32CubeIDE_1.16.0/STM32CubeIDE/plugins/com.st.stm32cube.ide.mcu.externaltools.gnu-tools-for-stm32.12.3.rel1.win32_1.0.200.202406191623/tools/bin/../lib/gcc/arm-none-eabi/12.3.1/thumb/v7e-m+fp/hard/crtbegin.o

.ccmram         0x10000000        0x0 load address 0x08004264
                0x10000000                        . = ALIGN (0x4)
                0x10000000                        _sccmram = .
 *(.ccmram)
 *(.ccmram*)
                0x10000000                        . = ALIGN (0x4)
                0x10000000                        _eccmram = .
                0x10000000                        . = ALIGN (0x4)

.bss            0x20000028       0xe8
                0x20000028                        _sbss = .
                0x20000028                        __bss_start__ = _sbss
 *(.bss)
 .bss           0x20000028       0x1c C:/ST/STM32CubeIDE_1.16.0/STM32CubeIDE/plugins/com.st.stm32cube.ide.mcu.externaltools.gnu-tools-for-stm32.12.3.rel1.win32_1.0.200.202406191623/tools/bin/../lib/gcc/arm-none-eabi/12.3.1/thumb/v7e-m+fp/hard/crtbegin.o
 *(.bss*)
 .bss.cursor_x  0x20000044        0x2 ./Core/Src/Adafruit_GFX.o
 .bss.cursor_y  0x20000046        0x2 ./Core/Src/Adafruit_GFX.o
 .bss.i2c_rx_data
                0x20000048        0x4 ./Core/Src/i2c.o
                0x20000048                i2c_rx_data
 .bss.rx_data_index
                0x2000004c        0x1 ./Core/Src/i2c.o
                0x2000004c                rx_data_index
 *fill*         0x2000004d        0x3 
 .bss.hdma_spi1_tx
                0x20000050       0x44 ./Core/Src/main.o
                0x20000050                hdma_spi1_tx
 .bss.hspi1     0x20000094       0x64 ./Core/Src/spi.o
                0x20000094                hspi1
 .bss.uwTick    0x200000f8        0x4 ./Drivers/STM32F3xx_HAL_Driver/Src/stm32f3xx_hal.o
                0x200000f8                uwTick
 .bss.retUSER   0x200000fc        0x1 ./FATFS/App/fatfs.o
                0x200000fc                retUSER
 *fill*         0x200000fd        0x3 
 .bss.USERPath  0x20000100        0x4 ./FATFS/App/fatfs.o
                0x20000100                USERPath
 .bss.disk      0x20000104        0xc ./Middlewares/Third_Party/FatFs/src/ff_gen_drv.o
                0x20000104                disk
 *(COMMON)
                0x20000110                        . = ALIGN (0x4)
                0x20000110                        _ebss = .
                0x20000110                        __bss_end__ = _ebss

._user_heap_stack
                0x20000110      0x600
                0x20000110                        . = ALIGN (0x8)
                [!provide]                        PROVIDE (end = .)
                0x20000110                        PROVIDE (_end = .)
                0x20000310                        . = (. + _Min_Heap_Size)
 *fill*         0x20000110      0x200 
                0x20000710                        . = (. + _Min_Stack_Size)
 *fill*         0x20000310      0x400 
                0x20000710                        . = ALIGN (0x8)

/DISCARD/
 libc.a(*)
 libm.a(*)
 libgcc.a(*)

.ARM.attributes
                0x00000000       0x30
 *(.ARM.attributes)
 .ARM.attributes
                0x00000000       0x22 C:/ST/STM32CubeIDE_1.16.0/STM32CubeIDE/plugins/com.st.stm32cube.ide.mcu.externaltools.gnu-tools-for-stm32.12.3.rel1.win32_1.0.200.202406191623/tools/bin/../lib/gcc/arm-none-eabi/12.3.1/thumb/v7e-m+fp/hard/crti.o
 .ARM.attributes
                0x00000022       0x34 C:/ST/STM32CubeIDE_1.16.0/STM32CubeIDE/plugins/com.st.stm32cube.ide.mcu.externaltools.gnu-tools-for-stm32.12.3.rel1.win32_1.0.200.202406191623/tools/bin/../lib/gcc/arm-none-eabi/12.3.1/thumb/v7e-m+fp/hard/crtbegin.o
 .ARM.attributes
                0x00000056       0x34 ./Core/Src/Adafruit_GFX.o
 .ARM.attributes
                0x0000008a       0x34 ./Core/Src/ILI9341.o
 .ARM.attributes
                0x000000be       0x34 ./Core/Src/fonts.o
 .ARM.attributes
                0x000000f2       0x34 ./Core/Src/gpio.o
 .ARM.attributes
                0x00000126       0x34 ./Core/Src/i2c.o
 .ARM.attributes
                0x0000015a       0x34 ./Core/Src/main.o
 .ARM.attributes
                0x0000018e       0x34 ./Core/Src/spi.o
 .ARM.attributes
                0x000001c2       0x34 ./Core/Src/stm32f3xx_hal_msp.o
 .ARM.attributes
                0x000001f6       0x34 ./Core/Src/stm32f3xx_it.o
 .ARM.attributes
                0x0000022a       0x34 ./Core/Src/system_stm32f3xx.o
 .ARM.attributes
                0x0000025e       0x21 ./Core/Startup/startup_stm32f303k8tx.o
 .ARM.attributes
                0x0000027f       0x34 ./Drivers/STM32F3xx_HAL_Driver/Src/stm32f3xx_hal.o
 .ARM.attributes
                0x000002b3       0x34 ./Drivers/STM32F3xx_HAL_Driver/Src/stm32f3xx_hal_cortex.o
 .ARM.attributes
                0x000002e7       0x34 ./Drivers/STM32F3xx_HAL_Driver/Src/stm32f3xx_hal_dma.o
 .ARM.attributes
                0x0000031b       0x34 ./Drivers/STM32F3xx_HAL_Driver/Src/stm32f3xx_hal_gpio.o
 .ARM.attributes
                0x0000034f       0x34 ./Drivers/STM32F3xx_HAL_Driver/Src/stm32f3xx_hal_rcc.o
 .ARM.attributes
                0x00000383       0x34 ./Drivers/STM32F3xx_HAL_Driver/Src/stm32f3xx_hal_rcc_ex.o
 .ARM.attributes
                0x000003b7       0x34 ./Drivers/STM32F3xx_HAL_Driver/Src/stm32f3xx_hal_spi.o
 .ARM.attributes
                0x000003eb       0x34 ./Drivers/STM32F3xx_HAL_Driver/Src/stm32f3xx_ll_gpio.o
 .ARM.attributes
                0x0000041f       0x34 ./Drivers/STM32F3xx_HAL_Driver/Src/stm32f3xx_ll_i2c.o
 .ARM.attributes
                0x00000453       0x34 ./FATFS/App/fatfs.o
 .ARM.attributes
                0x00000487       0x34 ./FATFS/Target/user_diskio.o
 .ARM.attributes
                0x000004bb       0x34 ./Middlewares/Third_Party/FatFs/src/ff_gen_drv.o
 .ARM.attributes
                0x000004ef       0x34 C:/ST/STM32CubeIDE_1.16.0/STM32CubeIDE/plugins/com.st.stm32cube.ide.mcu.externaltools.gnu-tools-for-stm32.12.3.rel1.win32_1.0.200.202406191623/tools/bin/../lib/gcc/arm-none-eabi/12.3.1/../../../../arm-none-eabi/lib/thumb/v7e-m+fp/hard\libc_nano.a(libc_a-memset.o)
 .ARM.attributes
                0x00000523       0x34 C:/ST/STM32CubeIDE_1.16.0/STM32CubeIDE/plugins/com.st.stm32cube.ide.mcu.externaltools.gnu-tools-for-stm32.12.3.rel1.win32_1.0.200.202406191623/tools/bin/../lib/gcc/arm-none-eabi/12.3.1/../../../../arm-none-eabi/lib/thumb/v7e-m+fp/hard\libc_nano.a(libc_a-init.o)
 .ARM.attributes
                0x00000557       0x34 C:/ST/STM32CubeIDE_1.16.0/STM32CubeIDE/plugins/com.st.stm32cube.ide.mcu.externaltools.gnu-tools-for-stm32.12.3.rel1.win32_1.0.200.202406191623/tools/bin/../lib/gcc/arm-none-eabi/12.3.1/../../../../arm-none-eabi/lib/thumb/v7e-m+fp/hard\libc_nano.a(libc_a-memcpy-stub.o)
 .ARM.attributes
                0x0000058b       0x22 C:/ST/STM32CubeIDE_1.16.0/STM32CubeIDE/plugins/com.st.stm32cube.ide.mcu.externaltools.gnu-tools-for-stm32.12.3.rel1.win32_1.0.200.202406191623/tools/bin/../lib/gcc/arm-none-eabi/12.3.1/thumb/v7e-m+fp/hard/crtn.o
OUTPUT(meteostanica.elf elf32-littlearm)
LOAD linker stubs
LOAD C:/ST/STM32CubeIDE_1.16.0/STM32CubeIDE/plugins/com.st.stm32cube.ide.mcu.externaltools.gnu-tools-for-stm32.12.3.rel1.win32_1.0.200.202406191623/tools/bin/../lib/gcc/arm-none-eabi/12.3.1/../../../../arm-none-eabi/lib/thumb/v7e-m+fp/hard\libc.a
LOAD C:/ST/STM32CubeIDE_1.16.0/STM32CubeIDE/plugins/com.st.stm32cube.ide.mcu.externaltools.gnu-tools-for-stm32.12.3.rel1.win32_1.0.200.202406191623/tools/bin/../lib/gcc/arm-none-eabi/12.3.1/../../../../arm-none-eabi/lib/thumb/v7e-m+fp/hard\libm.a
LOAD C:/ST/STM32CubeIDE_1.16.0/STM32CubeIDE/plugins/com.st.stm32cube.ide.mcu.externaltools.gnu-tools-for-stm32.12.3.rel1.win32_1.0.200.202406191623/tools/bin/../lib/gcc/arm-none-eabi/12.3.1/thumb/v7e-m+fp/hard\libgcc.a

.debug_info     0x00000000     0xabf0
 .debug_info    0x00000000      0x2f9 ./Core/Src/Adafruit_GFX.o
 .debug_info    0x000002f9      0x968 ./Core/Src/ILI9341.o
 .debug_info    0x00000c61       0xb3 ./Core/Src/fonts.o
 .debug_info    0x00000d14      0x2a9 ./Core/Src/gpio.o
 .debug_info    0x00000fbd      0xde2 ./Core/Src/i2c.o
 .debug_info    0x00001d9f      0xc25 ./Core/Src/main.o
 .debug_info    0x000029c4      0x5f6 ./Core/Src/spi.o
 .debug_info    0x00002fba      0xa40 ./Core/Src/stm32f3xx_hal_msp.o
 .debug_info    0x000039fa      0x674 ./Core/Src/stm32f3xx_it.o
 .debug_info    0x0000406e      0x407 ./Core/Src/system_stm32f3xx.o
 .debug_info    0x00004475       0x30 ./Core/Startup/startup_stm32f303k8tx.o
 .debug_info    0x000044a5      0x74a ./Drivers/STM32F3xx_HAL_Driver/Src/stm32f3xx_hal.o
 .debug_info    0x00004bef      0xa87 ./Drivers/STM32F3xx_HAL_Driver/Src/stm32f3xx_hal_cortex.o
 .debug_info    0x00005676      0x6e1 ./Drivers/STM32F3xx_HAL_Driver/Src/stm32f3xx_hal_dma.o
 .debug_info    0x00005d57      0x6a6 ./Drivers/STM32F3xx_HAL_Driver/Src/stm32f3xx_hal_gpio.o
 .debug_info    0x000063fd     0x148a ./Drivers/STM32F3xx_HAL_Driver/Src/stm32f3xx_hal_rcc.o
 .debug_info    0x00007887      0x52e ./Drivers/STM32F3xx_HAL_Driver/Src/stm32f3xx_hal_rcc_ex.o
 .debug_info    0x00007db5     0x160a ./Drivers/STM32F3xx_HAL_Driver/Src/stm32f3xx_hal_spi.o
 .debug_info    0x000093bf      0x6ee ./Drivers/STM32F3xx_HAL_Driver/Src/stm32f3xx_ll_gpio.o
 .debug_info    0x00009aad      0x530 ./Drivers/STM32F3xx_HAL_Driver/Src/stm32f3xx_ll_i2c.o
 .debug_info    0x00009fdd      0x4fb ./FATFS/App/fatfs.o
 .debug_info    0x0000a4d8      0x36c ./FATFS/Target/user_diskio.o
 .debug_info    0x0000a844      0x3ac ./Middlewares/Third_Party/FatFs/src/ff_gen_drv.o

.debug_abbrev   0x00000000     0x2893
 .debug_abbrev  0x00000000      0x136 ./Core/Src/Adafruit_GFX.o
 .debug_abbrev  0x00000136      0x1ec ./Core/Src/ILI9341.o
 .debug_abbrev  0x00000322       0x63 ./Core/Src/fonts.o
 .debug_abbrev  0x00000385      0x128 ./Core/Src/gpio.o
 .debug_abbrev  0x000004ad      0x266 ./Core/Src/i2c.o
 .debug_abbrev  0x00000713      0x272 ./Core/Src/main.o
 .debug_abbrev  0x00000985      0x18e ./Core/Src/spi.o
 .debug_abbrev  0x00000b13      0x1f0 ./Core/Src/stm32f3xx_hal_msp.o
 .debug_abbrev  0x00000d03      0x1ac ./Core/Src/stm32f3xx_it.o
 .debug_abbrev  0x00000eaf      0x11a ./Core/Src/system_stm32f3xx.o
 .debug_abbrev  0x00000fc9       0x24 ./Core/Startup/startup_stm32f303k8tx.o
 .debug_abbrev  0x00000fed      0x215 ./Drivers/STM32F3xx_HAL_Driver/Src/stm32f3xx_hal.o
 .debug_abbrev  0x00001202      0x2f8 ./Drivers/STM32F3xx_HAL_Driver/Src/stm32f3xx_hal_cortex.o
 .debug_abbrev  0x000014fa      0x20d ./Drivers/STM32F3xx_HAL_Driver/Src/stm32f3xx_hal_dma.o
 .debug_abbrev  0x00001707      0x1ca ./Drivers/STM32F3xx_HAL_Driver/Src/stm32f3xx_hal_gpio.o
 .debug_abbrev  0x000018d1      0x300 ./Drivers/STM32F3xx_HAL_Driver/Src/stm32f3xx_hal_rcc.o
 .debug_abbrev  0x00001bd1      0x221 ./Drivers/STM32F3xx_HAL_Driver/Src/stm32f3xx_hal_rcc_ex.o
 .debug_abbrev  0x00001df2      0x269 ./Drivers/STM32F3xx_HAL_Driver/Src/stm32f3xx_hal_spi.o
 .debug_abbrev  0x0000205b      0x21e ./Drivers/STM32F3xx_HAL_Driver/Src/stm32f3xx_ll_gpio.o
 .debug_abbrev  0x00002279      0x177 ./Drivers/STM32F3xx_HAL_Driver/Src/stm32f3xx_ll_i2c.o
 .debug_abbrev  0x000023f0      0x1b9 ./FATFS/App/fatfs.o
 .debug_abbrev  0x000025a9      0x14e ./FATFS/Target/user_diskio.o
 .debug_abbrev  0x000026f7      0x19c ./Middlewares/Third_Party/FatFs/src/ff_gen_drv.o

.debug_aranges  0x00000000      0x9f0
 .debug_aranges
                0x00000000       0x50 ./Core/Src/Adafruit_GFX.o
 .debug_aranges
                0x00000050       0x48 ./Core/Src/ILI9341.o
 .debug_aranges
                0x00000098       0x18 ./Core/Src/fonts.o
 .debug_aranges
                0x000000b0       0x20 ./Core/Src/gpio.o
 .debug_aranges
                0x000000d0       0xe0 ./Core/Src/i2c.o
 .debug_aranges
                0x000001b0       0x38 ./Core/Src/main.o
 .debug_aranges
                0x000001e8       0x20 ./Core/Src/spi.o
 .debug_aranges
                0x00000208       0x30 ./Core/Src/stm32f3xx_hal_msp.o
 .debug_aranges
                0x00000238       0x70 ./Core/Src/stm32f3xx_it.o
 .debug_aranges
                0x000002a8       0x28 ./Core/Src/system_stm32f3xx.o
 .debug_aranges
                0x000002d0       0x28 ./Core/Startup/startup_stm32f303k8tx.o
 .debug_aranges
                0x000002f8       0xe0 ./Drivers/STM32F3xx_HAL_Driver/Src/stm32f3xx_hal.o
 .debug_aranges
                0x000003d8      0x100 ./Drivers/STM32F3xx_HAL_Driver/Src/stm32f3xx_hal_cortex.o
 .debug_aranges
                0x000004d8       0x88 ./Drivers/STM32F3xx_HAL_Driver/Src/stm32f3xx_hal_dma.o
 .debug_aranges
                0x00000560       0x58 ./Drivers/STM32F3xx_HAL_Driver/Src/stm32f3xx_hal_gpio.o
 .debug_aranges
                0x000005b8       0x88 ./Drivers/STM32F3xx_HAL_Driver/Src/stm32f3xx_hal_rcc.o
 .debug_aranges
                0x00000640       0x38 ./Drivers/STM32F3xx_HAL_Driver/Src/stm32f3xx_hal_rcc_ex.o
 .debug_aranges
                0x00000678      0x1d8 ./Drivers/STM32F3xx_HAL_Driver/Src/stm32f3xx_hal_spi.o
 .debug_aranges
                0x00000850       0x70 ./Drivers/STM32F3xx_HAL_Driver/Src/stm32f3xx_ll_gpio.o
 .debug_aranges
                0x000008c0       0x88 ./Drivers/STM32F3xx_HAL_Driver/Src/stm32f3xx_ll_i2c.o
 .debug_aranges
                0x00000948       0x28 ./FATFS/App/fatfs.o
 .debug_aranges
                0x00000970       0x40 ./FATFS/Target/user_diskio.o
 .debug_aranges
                0x000009b0       0x40 ./Middlewares/Third_Party/FatFs/src/ff_gen_drv.o

.debug_rnglists
                0x00000000      0x739
 .debug_rnglists
                0x00000000       0x44 ./Core/Src/Adafruit_GFX.o
 .debug_rnglists
                0x00000044       0x35 ./Core/Src/ILI9341.o
 .debug_rnglists
                0x00000079       0x13 ./Core/Src/gpio.o
 .debug_rnglists
                0x0000008c       0xa5 ./Core/Src/i2c.o
 .debug_rnglists
                0x00000131       0x26 ./Core/Src/main.o
 .debug_rnglists
                0x00000157       0x13 ./Core/Src/spi.o
 .debug_rnglists
                0x0000016a       0x20 ./Core/Src/stm32f3xx_hal_msp.o
 .debug_rnglists
                0x0000018a       0x4f ./Core/Src/stm32f3xx_it.o
 .debug_rnglists
                0x000001d9       0x1a ./Core/Src/system_stm32f3xx.o
 .debug_rnglists
                0x000001f3       0x19 ./Core/Startup/startup_stm32f303k8tx.o
 .debug_rnglists
                0x0000020c       0xa3 ./Drivers/STM32F3xx_HAL_Driver/Src/stm32f3xx_hal.o
 .debug_rnglists
                0x000002af       0xbb ./Drivers/STM32F3xx_HAL_Driver/Src/stm32f3xx_hal_cortex.o
 .debug_rnglists
                0x0000036a       0x69 ./Drivers/STM32F3xx_HAL_Driver/Src/stm32f3xx_hal_dma.o
 .debug_rnglists
                0x000003d3       0x3f ./Drivers/STM32F3xx_HAL_Driver/Src/stm32f3xx_hal_gpio.o
 .debug_rnglists
                0x00000412       0x66 ./Drivers/STM32F3xx_HAL_Driver/Src/stm32f3xx_hal_rcc.o
 .debug_rnglists
                0x00000478       0x27 ./Drivers/STM32F3xx_HAL_Driver/Src/stm32f3xx_hal_rcc_ex.o
 .debug_rnglists
                0x0000049f      0x178 ./Drivers/STM32F3xx_HAL_Driver/Src/stm32f3xx_hal_spi.o
 .debug_rnglists
                0x00000617       0x51 ./Drivers/STM32F3xx_HAL_Driver/Src/stm32f3xx_ll_gpio.o
 .debug_rnglists
                0x00000668       0x61 ./Drivers/STM32F3xx_HAL_Driver/Src/stm32f3xx_ll_i2c.o
 .debug_rnglists
                0x000006c9       0x19 ./FATFS/App/fatfs.o
 .debug_rnglists
                0x000006e2       0x2b ./FATFS/Target/user_diskio.o
 .debug_rnglists
                0x0000070d       0x2c ./Middlewares/Third_Party/FatFs/src/ff_gen_drv.o

.debug_macro    0x00000000    0x1d123
 .debug_macro   0x00000000       0x7c ./Core/Src/Adafruit_GFX.o
 .debug_macro   0x0000007c      0xaba ./Core/Src/Adafruit_GFX.o
 .debug_macro   0x00000b36       0x22 ./Core/Src/Adafruit_GFX.o
 .debug_macro   0x00000b58       0x8e ./Core/Src/Adafruit_GFX.o
 .debug_macro   0x00000be6       0x51 ./Core/Src/Adafruit_GFX.o
 .debug_macro   0x00000c37      0x103 ./Core/Src/Adafruit_GFX.o
 .debug_macro   0x00000d3a       0x6a ./Core/Src/Adafruit_GFX.o
 .debug_macro   0x00000da4      0x1df ./Core/Src/Adafruit_GFX.o
 .debug_macro   0x00000f83       0x22 ./Core/Src/Adafruit_GFX.o
 .debug_macro   0x00000fa5      0x1f7 ./Core/Src/ILI9341.o
 .debug_macro   0x0000119c      0x151 ./Core/Src/ILI9341.o
 .debug_macro   0x000012ed       0x2e ./Core/Src/ILI9341.o
 .debug_macro   0x0000131b       0x28 ./Core/Src/ILI9341.o
 .debug_macro   0x00001343       0x1c ./Core/Src/ILI9341.o
 .debug_macro   0x0000135f       0x22 ./Core/Src/ILI9341.o
 .debug_macro   0x00001381       0xd9 ./Core/Src/ILI9341.o
 .debug_macro   0x0000145a      0xf07 ./Core/Src/ILI9341.o
 .debug_macro   0x00002361    0x10be0 ./Core/Src/ILI9341.o
 .debug_macro   0x00012f41       0x6d ./Core/Src/ILI9341.o
 .debug_macro   0x00012fae     0x3574 ./Core/Src/ILI9341.o
 .debug_macro   0x00016522      0x189 ./Core/Src/ILI9341.o
 .debug_macro   0x000166ab       0x55 ./Core/Src/ILI9341.o
 .debug_macro   0x00016700      0x8f8 ./Core/Src/ILI9341.o
 .debug_macro   0x00016ff8      0x304 ./Core/Src/ILI9341.o
 .debug_macro   0x000172fc      0x1b5 ./Core/Src/ILI9341.o
 .debug_macro   0x000174b1      0x11b ./Core/Src/ILI9341.o
 .debug_macro   0x000175cc      0x1d5 ./Core/Src/ILI9341.o
 .debug_macro   0x000177a1      0x1bc ./Core/Src/ILI9341.o
 .debug_macro   0x0001795d       0x34 ./Core/Src/ILI9341.o
 .debug_macro   0x00017991       0x3c ./Core/Src/ILI9341.o
 .debug_macro   0x000179cd       0x57 ./Core/Src/ILI9341.o
 .debug_macro   0x00017a24       0xc5 ./Core/Src/ILI9341.o
 .debug_macro   0x00017ae9      0x19f ./Core/Src/ILI9341.o
 .debug_macro   0x00017c88      0x22c ./Core/Src/ILI9341.o
 .debug_macro   0x00017eb4       0x5b ./Core/Src/ILI9341.o
 .debug_macro   0x00017f0f       0xa5 ./Core/Src/ILI9341.o
 .debug_macro   0x00017fb4       0x81 ./Core/Src/ILI9341.o
 .debug_macro   0x00018035       0xd3 ./Core/Src/ILI9341.o
 .debug_macro   0x00018108      0x2fe ./Core/Src/ILI9341.o
 .debug_macro   0x00018406      0x285 ./Core/Src/ILI9341.o
 .debug_macro   0x0001868b       0x2e ./Core/Src/ILI9341.o
 .debug_macro   0x000186b9       0x69 ./Core/Src/fonts.o
 .debug_macro   0x00018722      0x1c1 ./Core/Src/gpio.o
 .debug_macro   0x000188e3       0x28 ./Core/Src/gpio.o
 .debug_macro   0x0001890b      0x225 ./Core/Src/i2c.o
 .debug_macro   0x00018b30      0x24d ./Core/Src/i2c.o
 .debug_macro   0x00018d7d       0xe0 ./Core/Src/i2c.o
 .debug_macro   0x00018e5d       0x28 ./Core/Src/i2c.o
 .debug_macro   0x00018e85      0x4c2 ./Core/Src/i2c.o
 .debug_macro   0x00019347      0x29f ./Core/Src/i2c.o
 .debug_macro   0x000195e6       0x30 ./Core/Src/i2c.o
 .debug_macro   0x00019616       0xa8 ./Core/Src/i2c.o
 .debug_macro   0x000196be      0x142 ./Core/Src/i2c.o
 .debug_macro   0x00019800      0x287 ./Core/Src/i2c.o
 .debug_macro   0x00019a87       0xfe ./Core/Src/i2c.o
 .debug_macro   0x00019b85       0x40 ./Core/Src/i2c.o
 .debug_macro   0x00019bc5      0x363 ./Core/Src/main.o
 .debug_macro   0x00019f28       0xde ./Core/Src/main.o
 .debug_macro   0x0001a006       0xf5 ./Core/Src/main.o
 .debug_macro   0x0001a0fb       0x8e ./Core/Src/main.o
 .debug_macro   0x0001a189       0x61 ./Core/Src/main.o
 .debug_macro   0x0001a1ea       0x2a ./Core/Src/main.o
 .debug_macro   0x0001a214       0x43 ./Core/Src/main.o
 .debug_macro   0x0001a257       0x34 ./Core/Src/main.o
 .debug_macro   0x0001a28b       0x16 ./Core/Src/main.o
 .debug_macro   0x0001a2a1       0x43 ./Core/Src/main.o
 .debug_macro   0x0001a2e4       0x34 ./Core/Src/main.o
 .debug_macro   0x0001a318       0x10 ./Core/Src/main.o
 .debug_macro   0x0001a328       0x58 ./Core/Src/main.o
 .debug_macro   0x0001a380       0x8e ./Core/Src/main.o
 .debug_macro   0x0001a40e       0x1c ./Core/Src/main.o
 .debug_macro   0x0001a42a      0x177 ./Core/Src/main.o
 .debug_macro   0x0001a5a1      0x369 ./Core/Src/main.o
 .debug_macro   0x0001a90a      0x19b ./Core/Src/main.o
 .debug_macro   0x0001aaa5       0x4c ./Core/Src/main.o
 .debug_macro   0x0001aaf1       0x88 ./Core/Src/main.o
 .debug_macro   0x0001ab79       0x28 ./Core/Src/main.o
 .debug_macro   0x0001aba1      0x21b ./Core/Src/spi.o
 .debug_macro   0x0001adbc      0x21b ./Core/Src/stm32f3xx_hal_msp.o
 .debug_macro   0x0001afd7      0x225 ./Core/Src/stm32f3xx_it.o
 .debug_macro   0x0001b1fc      0x1b2 ./Core/Src/system_stm32f3xx.o
 .debug_macro   0x0001b3ae      0x1d6 ./Drivers/STM32F3xx_HAL_Driver/Src/stm32f3xx_hal.o
 .debug_macro   0x0001b584      0x1b2 ./Drivers/STM32F3xx_HAL_Driver/Src/stm32f3xx_hal_cortex.o
 .debug_macro   0x0001b736      0x1b2 ./Drivers/STM32F3xx_HAL_Driver/Src/stm32f3xx_hal_dma.o
 .debug_macro   0x0001b8e8      0x1b9 ./Drivers/STM32F3xx_HAL_Driver/Src/stm32f3xx_hal_gpio.o
 .debug_macro   0x0001baa1      0x1d6 ./Drivers/STM32F3xx_HAL_Driver/Src/stm32f3xx_hal_rcc.o
 .debug_macro   0x0001bc77      0x1b2 ./Drivers/STM32F3xx_HAL_Driver/Src/stm32f3xx_hal_rcc_ex.o
 .debug_macro   0x0001be29      0x1ba ./Drivers/STM32F3xx_HAL_Driver/Src/stm32f3xx_hal_spi.o
 .debug_macro   0x0001bfe3      0x1f4 ./Drivers/STM32F3xx_HAL_Driver/Src/stm32f3xx_ll_gpio.o
 .debug_macro   0x0001c1d7      0x13c ./Drivers/STM32F3xx_HAL_Driver/Src/stm32f3xx_ll_gpio.o
 .debug_macro   0x0001c313      0x1f4 ./Drivers/STM32F3xx_HAL_Driver/Src/stm32f3xx_ll_i2c.o
 .debug_macro   0x0001c507      0x247 ./Drivers/STM32F3xx_HAL_Driver/Src/stm32f3xx_ll_i2c.o
 .debug_macro   0x0001c74e      0x26e ./FATFS/App/fatfs.o
 .debug_macro   0x0001c9bc       0xd8 ./FATFS/App/fatfs.o
 .debug_macro   0x0001ca94      0x323 ./FATFS/Target/user_diskio.o
 .debug_macro   0x0001cdb7       0x10 ./FATFS/Target/user_diskio.o
 .debug_macro   0x0001cdc7       0x20 ./FATFS/Target/user_diskio.o
 .debug_macro   0x0001cde7       0x16 ./FATFS/Target/user_diskio.o
 .debug_macro   0x0001cdfd       0x7c ./FATFS/Target/user_diskio.o
 .debug_macro   0x0001ce79       0x4f ./FATFS/Target/user_diskio.o
 .debug_macro   0x0001cec8      0x25b ./Middlewares/Third_Party/FatFs/src/ff_gen_drv.o

.debug_line     0x00000000     0xed98
 .debug_line    0x00000000      0x576 ./Core/Src/Adafruit_GFX.o
 .debug_line    0x00000576      0x89e ./Core/Src/ILI9341.o
 .debug_line    0x00000e14      0x3fb ./Core/Src/fonts.o
 .debug_line    0x0000120f      0x745 ./Core/Src/gpio.o
 .debug_line    0x00001954      0xc2b ./Core/Src/i2c.o
 .debug_line    0x0000257f      0xb2b ./Core/Src/main.o
 .debug_line    0x000030aa      0x83b ./Core/Src/spi.o
 .debug_line    0x000038e5      0x891 ./Core/Src/stm32f3xx_hal_msp.o
 .debug_line    0x00004176      0x910 ./Core/Src/stm32f3xx_it.o
 .debug_line    0x00004a86      0x7b1 ./Core/Src/system_stm32f3xx.o
 .debug_line    0x00005237       0x7a ./Core/Startup/startup_stm32f303k8tx.o
 .debug_line    0x000052b1      0x9e9 ./Drivers/STM32F3xx_HAL_Driver/Src/stm32f3xx_hal.o
 .debug_line    0x00005c9a      0xbcf ./Drivers/STM32F3xx_HAL_Driver/Src/stm32f3xx_hal_cortex.o
 .debug_line    0x00006869      0xcd3 ./Drivers/STM32F3xx_HAL_Driver/Src/stm32f3xx_hal_dma.o
 .debug_line    0x0000753c      0xb4c ./Drivers/STM32F3xx_HAL_Driver/Src/stm32f3xx_hal_gpio.o
 .debug_line    0x00008088     0x137d ./Drivers/STM32F3xx_HAL_Driver/Src/stm32f3xx_hal_rcc.o
 .debug_line    0x00009405      0xa73 ./Drivers/STM32F3xx_HAL_Driver/Src/stm32f3xx_hal_rcc_ex.o
 .debug_line    0x00009e78     0x1fdf ./Drivers/STM32F3xx_HAL_Driver/Src/stm32f3xx_hal_spi.o
 .debug_line    0x0000be57      0x9f2 ./Drivers/STM32F3xx_HAL_Driver/Src/stm32f3xx_ll_gpio.o
 .debug_line    0x0000c849      0x907 ./Drivers/STM32F3xx_HAL_Driver/Src/stm32f3xx_ll_i2c.o
 .debug_line    0x0000d150      0x8b9 ./FATFS/App/fatfs.o
 .debug_line    0x0000da09      0xa49 ./FATFS/Target/user_diskio.o
 .debug_line    0x0000e452      0x946 ./Middlewares/Third_Party/FatFs/src/ff_gen_drv.o

.debug_str      0x00000000    0xa1659
 .debug_str     0x00000000     0x3d18 ./Core/Src/Adafruit_GFX.o
                               0x3e97 (size before relaxing)
 .debug_str     0x00003d18    0x8f28a ./Core/Src/ILI9341.o
                              0x934b2 (size before relaxing)
 .debug_str     0x00092fa2       0x14 ./Core/Src/fonts.o
                               0x3d38 (size before relaxing)
 .debug_str     0x00092fb6       0xa2 ./Core/Src/gpio.o
                              0x92f7b (size before relaxing)
 .debug_str     0x00093058     0x7e9f ./Core/Src/i2c.o
                              0x9aece (size before relaxing)
 .debug_str     0x0009aef7     0x45d4 ./Core/Src/main.o
                              0x9f502 (size before relaxing)
 .debug_str     0x0009f4cb       0x1f ./Core/Src/spi.o
                              0x9aa6c (size before relaxing)
 .debug_str     0x0009f4ea       0x93 ./Core/Src/stm32f3xx_hal_msp.o
                              0x9aec0 (size before relaxing)
 .debug_str     0x0009f57d      0x118 ./Core/Src/stm32f3xx_it.o
                              0x9ab1f (size before relaxing)
 .debug_str     0x0009f695       0x8b ./Core/Src/system_stm32f3xx.o
                              0x92f41 (size before relaxing)
 .debug_str     0x0009f720       0x44 ./Core/Startup/startup_stm32f303k8tx.o
                                 0x74 (size before relaxing)
 .debug_str     0x0009f764      0x38d ./Drivers/STM32F3xx_HAL_Driver/Src/stm32f3xx_hal.o
                              0x93631 (size before relaxing)
 .debug_str     0x0009faf1      0x17d ./Drivers/STM32F3xx_HAL_Driver/Src/stm32f3xx_hal_cortex.o
                              0x93556 (size before relaxing)
 .debug_str     0x0009fc6e      0x223 ./Drivers/STM32F3xx_HAL_Driver/Src/stm32f3xx_hal_dma.o
                              0x93289 (size before relaxing)
 .debug_str     0x0009fe91      0x189 ./Drivers/STM32F3xx_HAL_Driver/Src/stm32f3xx_hal_gpio.o
                              0x93120 (size before relaxing)
 .debug_str     0x000a001a      0x2d1 ./Drivers/STM32F3xx_HAL_Driver/Src/stm32f3xx_hal_rcc.o
                              0x933e1 (size before relaxing)
 .debug_str     0x000a02eb       0xbe ./Drivers/STM32F3xx_HAL_Driver/Src/stm32f3xx_hal_rcc_ex.o
                              0x930e0 (size before relaxing)
 .debug_str     0x000a03a9      0x550 ./Drivers/STM32F3xx_HAL_Driver/Src/stm32f3xx_hal_spi.o
                              0x93859 (size before relaxing)
 .debug_str     0x000a08f9      0x621 ./Drivers/STM32F3xx_HAL_Driver/Src/stm32f3xx_ll_gpio.o
                              0x9425a (size before relaxing)
 .debug_str     0x000a0f1a      0x3e1 ./Drivers/STM32F3xx_HAL_Driver/Src/stm32f3xx_ll_i2c.o
                              0x948aa (size before relaxing)
 .debug_str     0x000a12fb      0x1ae ./FATFS/App/fatfs.o
                              0x9af65 (size before relaxing)
 .debug_str     0x000a14a9       0xf6 ./FATFS/Target/user_diskio.o
                              0x9dfef (size before relaxing)
 .debug_str     0x000a159f       0xba ./Middlewares/Third_Party/FatFs/src/ff_gen_drv.o
                              0x9aee2 (size before relaxing)

.comment        0x00000000       0x43
 .comment       0x00000000       0x43 ./Core/Src/Adafruit_GFX.o
                                 0x44 (size before relaxing)
 .comment       0x00000043       0x44 ./Core/Src/ILI9341.o
 .comment       0x00000043       0x44 ./Core/Src/fonts.o
 .comment       0x00000043       0x44 ./Core/Src/gpio.o
 .comment       0x00000043       0x44 ./Core/Src/i2c.o
 .comment       0x00000043       0x44 ./Core/Src/main.o
 .comment       0x00000043       0x44 ./Core/Src/spi.o
 .comment       0x00000043       0x44 ./Core/Src/stm32f3xx_hal_msp.o
 .comment       0x00000043       0x44 ./Core/Src/stm32f3xx_it.o
 .comment       0x00000043       0x44 ./Core/Src/system_stm32f3xx.o
 .comment       0x00000043       0x44 ./Drivers/STM32F3xx_HAL_Driver/Src/stm32f3xx_hal.o
 .comment       0x00000043       0x44 ./Drivers/STM32F3xx_HAL_Driver/Src/stm32f3xx_hal_cortex.o
 .comment       0x00000043       0x44 ./Drivers/STM32F3xx_HAL_Driver/Src/stm32f3xx_hal_dma.o
 .comment       0x00000043       0x44 ./Drivers/STM32F3xx_HAL_Driver/Src/stm32f3xx_hal_gpio.o
 .comment       0x00000043       0x44 ./Drivers/STM32F3xx_HAL_Driver/Src/stm32f3xx_hal_rcc.o
 .comment       0x00000043       0x44 ./Drivers/STM32F3xx_HAL_Driver/Src/stm32f3xx_hal_rcc_ex.o
 .comment       0x00000043       0x44 ./Drivers/STM32F3xx_HAL_Driver/Src/stm32f3xx_hal_spi.o
 .comment       0x00000043       0x44 ./Drivers/STM32F3xx_HAL_Driver/Src/stm32f3xx_ll_gpio.o
 .comment       0x00000043       0x44 ./Drivers/STM32F3xx_HAL_Driver/Src/stm32f3xx_ll_i2c.o
 .comment       0x00000043       0x44 ./FATFS/App/fatfs.o
 .comment       0x00000043       0x44 ./FATFS/Target/user_diskio.o
 .comment       0x00000043       0x44 ./Middlewares/Third_Party/FatFs/src/ff_gen_drv.o

.debug_frame    0x00000000     0x2528
 .debug_frame   0x00000000      0x114 ./Core/Src/Adafruit_GFX.o
 .debug_frame   0x00000114       0xf0 ./Core/Src/ILI9341.o
 .debug_frame   0x00000204       0x34 ./Core/Src/gpio.o
 .debug_frame   0x00000238      0x3e0 ./Core/Src/i2c.o
 .debug_frame   0x00000618       0x8c ./Core/Src/main.o
 .debug_frame   0x000006a4       0x2c ./Core/Src/spi.o
 .debug_frame   0x000006d0       0x80 ./Core/Src/stm32f3xx_hal_msp.o
 .debug_frame   0x00000750      0x13c ./Core/Src/stm32f3xx_it.o
 .debug_frame   0x0000088c       0x58 ./Core/Src/system_stm32f3xx.o
 .debug_frame   0x000008e4      0x334 ./Drivers/STM32F3xx_HAL_Driver/Src/stm32f3xx_hal.o
 .debug_frame   0x00000c18      0x428 ./Drivers/STM32F3xx_HAL_Driver/Src/stm32f3xx_hal_cortex.o
 .debug_frame   0x00001040      0x224 ./Drivers/STM32F3xx_HAL_Driver/Src/stm32f3xx_hal_dma.o
 .debug_frame   0x00001264      0x14c ./Drivers/STM32F3xx_HAL_Driver/Src/stm32f3xx_hal_gpio.o
 .debug_frame   0x000013b0      0x214 ./Drivers/STM32F3xx_HAL_Driver/Src/stm32f3xx_hal_rcc.o
 .debug_frame   0x000015c4       0xac ./Drivers/STM32F3xx_HAL_Driver/Src/stm32f3xx_hal_rcc_ex.o
 .debug_frame   0x00001670      0x860 ./Drivers/STM32F3xx_HAL_Driver/Src/stm32f3xx_hal_spi.o
 .debug_frame   0x00001ed0      0x1c0 ./Drivers/STM32F3xx_HAL_Driver/Src/stm32f3xx_ll_gpio.o
 .debug_frame   0x00002090      0x238 ./Drivers/STM32F3xx_HAL_Driver/Src/stm32f3xx_ll_i2c.o
 .debug_frame   0x000022c8       0x4c ./FATFS/App/fatfs.o
 .debug_frame   0x00002314       0xd8 ./FATFS/Target/user_diskio.o
 .debug_frame   0x000023ec       0xc8 ./Middlewares/Third_Party/FatFs/src/ff_gen_drv.o
 .debug_frame   0x000024b4       0x20 C:/ST/STM32CubeIDE_1.16.0/STM32CubeIDE/plugins/com.st.stm32cube.ide.mcu.externaltools.gnu-tools-for-stm32.12.3.rel1.win32_1.0.200.202406191623/tools/bin/../lib/gcc/arm-none-eabi/12.3.1/../../../../arm-none-eabi/lib/thumb/v7e-m+fp/hard\libc_nano.a(libc_a-memset.o)
 .debug_frame   0x000024d4       0x2c C:/ST/STM32CubeIDE_1.16.0/STM32CubeIDE/plugins/com.st.stm32cube.ide.mcu.externaltools.gnu-tools-for-stm32.12.3.rel1.win32_1.0.200.202406191623/tools/bin/../lib/gcc/arm-none-eabi/12.3.1/../../../../arm-none-eabi/lib/thumb/v7e-m+fp/hard\libc_nano.a(libc_a-init.o)
 .debug_frame   0x00002500       0x28 C:/ST/STM32CubeIDE_1.16.0/STM32CubeIDE/plugins/com.st.stm32cube.ide.mcu.externaltools.gnu-tools-for-stm32.12.3.rel1.win32_1.0.200.202406191623/tools/bin/../lib/gcc/arm-none-eabi/12.3.1/../../../../arm-none-eabi/lib/thumb/v7e-m+fp/hard\libc_nano.a(libc_a-memcpy-stub.o)

.debug_line_str
                0x00000000       0x58
 .debug_line_str
                0x00000000       0x58 ./Core/Startup/startup_stm32f303k8tx.o
