Archive member included to satisfy reference by file (symbol)

C:/ST/STM32CubeIDE_1.16.0/STM32CubeIDE/plugins/com.st.stm32cube.ide.mcu.externaltools.gnu-tools-for-stm32.12.3.rel1.win32_1.0.200.202406191623/tools/bin/../lib/gcc/arm-none-eabi/12.3.1/../../../../arm-none-eabi/lib/thumb/v7e-m+fp/hard\libc_nano.a(libc_a-exit.o)
                              C:/ST/STM32CubeIDE_1.16.0/STM32CubeIDE/plugins/com.st.stm32cube.ide.mcu.externaltools.gnu-tools-for-stm32.12.3.rel1.win32_1.0.200.202406191623/tools/bin/../lib/gcc/arm-none-eabi/12.3.1/../../../../arm-none-eabi/lib/thumb/v7e-m+fp/hard/crt0.o (exit)
C:/ST/STM32CubeIDE_1.16.0/STM32CubeIDE/plugins/com.st.stm32cube.ide.mcu.externaltools.gnu-tools-for-stm32.12.3.rel1.win32_1.0.200.202406191623/tools/bin/../lib/gcc/arm-none-eabi/12.3.1/../../../../arm-none-eabi/lib/thumb/v7e-m+fp/hard\libc_nano.a(libc_a-findfp.o)
                              C:/ST/STM32CubeIDE_1.16.0/STM32CubeIDE/plugins/com.st.stm32cube.ide.mcu.externaltools.gnu-tools-for-stm32.12.3.rel1.win32_1.0.200.202406191623/tools/bin/../lib/gcc/arm-none-eabi/12.3.1/../../../../arm-none-eabi/lib/thumb/v7e-m+fp/hard\libc_nano.a(libc_a-exit.o) (__stdio_exit_handler)
C:/ST/STM32CubeIDE_1.16.0/STM32CubeIDE/plugins/com.st.stm32cube.ide.mcu.externaltools.gnu-tools-for-stm32.12.3.rel1.win32_1.0.200.202406191623/tools/bin/../lib/gcc/arm-none-eabi/12.3.1/../../../../arm-none-eabi/lib/thumb/v7e-m+fp/hard\libc_nano.a(libc_a-fwalk.o)
                              C:/ST/STM32CubeIDE_1.16.0/STM32CubeIDE/plugins/com.st.stm32cube.ide.mcu.externaltools.gnu-tools-for-stm32.12.3.rel1.win32_1.0.200.202406191623/tools/bin/../lib/gcc/arm-none-eabi/12.3.1/../../../../arm-none-eabi/lib/thumb/v7e-m+fp/hard\libc_nano.a(libc_a-findfp.o) (_fwalk_sglue)
C:/ST/STM32CubeIDE_1.16.0/STM32CubeIDE/plugins/com.st.stm32cube.ide.mcu.externaltools.gnu-tools-for-stm32.12.3.rel1.win32_1.0.200.202406191623/tools/bin/../lib/gcc/arm-none-eabi/12.3.1/../../../../arm-none-eabi/lib/thumb/v7e-m+fp/hard\libc_nano.a(libc_a-stdio.o)
                              C:/ST/STM32CubeIDE_1.16.0/STM32CubeIDE/plugins/com.st.stm32cube.ide.mcu.externaltools.gnu-tools-for-stm32.12.3.rel1.win32_1.0.200.202406191623/tools/bin/../lib/gcc/arm-none-eabi/12.3.1/../../../../arm-none-eabi/lib/thumb/v7e-m+fp/hard\libc_nano.a(libc_a-findfp.o) (__sread)
C:/ST/STM32CubeIDE_1.16.0/STM32CubeIDE/plugins/com.st.stm32cube.ide.mcu.externaltools.gnu-tools-for-stm32.12.3.rel1.win32_1.0.200.202406191623/tools/bin/../lib/gcc/arm-none-eabi/12.3.1/../../../../arm-none-eabi/lib/thumb/v7e-m+fp/hard\libc_nano.a(libc_a-memset.o)
                              C:/ST/STM32CubeIDE_1.16.0/STM32CubeIDE/plugins/com.st.stm32cube.ide.mcu.externaltools.gnu-tools-for-stm32.12.3.rel1.win32_1.0.200.202406191623/tools/bin/../lib/gcc/arm-none-eabi/12.3.1/../../../../arm-none-eabi/lib/thumb/v7e-m+fp/hard/crt0.o (memset)
C:/ST/STM32CubeIDE_1.16.0/STM32CubeIDE/plugins/com.st.stm32cube.ide.mcu.externaltools.gnu-tools-for-stm32.12.3.rel1.win32_1.0.200.202406191623/tools/bin/../lib/gcc/arm-none-eabi/12.3.1/../../../../arm-none-eabi/lib/thumb/v7e-m+fp/hard\libc_nano.a(libc_a-closer.o)
                              C:/ST/STM32CubeIDE_1.16.0/STM32CubeIDE/plugins/com.st.stm32cube.ide.mcu.externaltools.gnu-tools-for-stm32.12.3.rel1.win32_1.0.200.202406191623/tools/bin/../lib/gcc/arm-none-eabi/12.3.1/../../../../arm-none-eabi/lib/thumb/v7e-m+fp/hard\libc_nano.a(libc_a-stdio.o) (_close_r)
C:/ST/STM32CubeIDE_1.16.0/STM32CubeIDE/plugins/com.st.stm32cube.ide.mcu.externaltools.gnu-tools-for-stm32.12.3.rel1.win32_1.0.200.202406191623/tools/bin/../lib/gcc/arm-none-eabi/12.3.1/../../../../arm-none-eabi/lib/thumb/v7e-m+fp/hard\libc_nano.a(libc_a-reent.o)
                              C:/ST/STM32CubeIDE_1.16.0/STM32CubeIDE/plugins/com.st.stm32cube.ide.mcu.externaltools.gnu-tools-for-stm32.12.3.rel1.win32_1.0.200.202406191623/tools/bin/../lib/gcc/arm-none-eabi/12.3.1/../../../../arm-none-eabi/lib/thumb/v7e-m+fp/hard\libc_nano.a(libc_a-closer.o) (errno)
C:/ST/STM32CubeIDE_1.16.0/STM32CubeIDE/plugins/com.st.stm32cube.ide.mcu.externaltools.gnu-tools-for-stm32.12.3.rel1.win32_1.0.200.202406191623/tools/bin/../lib/gcc/arm-none-eabi/12.3.1/../../../../arm-none-eabi/lib/thumb/v7e-m+fp/hard\libc_nano.a(libc_a-impure.o)
                              C:/ST/STM32CubeIDE_1.16.0/STM32CubeIDE/plugins/com.st.stm32cube.ide.mcu.externaltools.gnu-tools-for-stm32.12.3.rel1.win32_1.0.200.202406191623/tools/bin/../lib/gcc/arm-none-eabi/12.3.1/../../../../arm-none-eabi/lib/thumb/v7e-m+fp/hard\libc_nano.a(libc_a-reent.o) (_impure_ptr)
C:/ST/STM32CubeIDE_1.16.0/STM32CubeIDE/plugins/com.st.stm32cube.ide.mcu.externaltools.gnu-tools-for-stm32.12.3.rel1.win32_1.0.200.202406191623/tools/bin/../lib/gcc/arm-none-eabi/12.3.1/../../../../arm-none-eabi/lib/thumb/v7e-m+fp/hard\libc_nano.a(libc_a-lseekr.o)
[...]
Memory Configuration

Name             Origin             Length             Attributes
CCMRAM           0x10000000         0x00001000         xrw
RAM              0x20000000         0x00003000         xrw
FLASH            0x08000000         0x00010000         xr
*default*        0x00000000         0xffffffff

Linker script and memory map

LOAD C:/ST/STM32CubeIDE_1.16.0/STM32CubeIDE/plugins/com.st.stm32cube.ide.mcu.externaltools.gnu-tools-for-stm32.12.3.rel1.win32_1.0.200.202406191623/tools/bin/../lib/gcc/arm-none-eabi/12.3.1/thumb/v7e-m+fp/hard/crti.o
LOAD C:/ST/STM32CubeIDE_1.16.0/STM32CubeIDE/plugins/com.st.stm32cube.ide.mcu.externaltools.gnu-tools-for-stm32.12.3.rel1.win32_1.0.200.202406191623/tools/bin/../lib/gcc/arm-none-eabi/12.3.1/thumb/v7e-m+fp/hard/crtbegin.o
LOAD C:/ST/STM32CubeIDE_1.16.0/STM32CubeIDE/plugins/com.st.stm32cube.ide.mcu.externaltools.gnu-tools-for-stm32.12.3.rel1.win32_1.0.200.202406191623/tools/bin/../lib/gcc/arm-none-eabi/12.3.1/../../../../arm-none-eabi/lib/thumb/v7e-m+fp/hard/crt0.o
LOAD ./Core/Src/Adafruit_GFX.o
LOAD ./Core/Src/ILI9341.o
LOAD ./Core/Src/fonts.o
LOAD ./Core/Src/gpio.o
LOAD ./Core/Src/i2c.o
LOAD ./Core/Src/main.o
LOAD ./Core/Src/spi.o
LOAD ./Core/Src/stm32f3xx_hal_msp.o
LOAD ./Core/Src/stm32f3xx_it.o
LOAD ./Core/Src/syscalls.o
LOAD ./Core/Src/sysmem.o
LOAD ./Core/Src/system_stm32f3xx.o
LOAD ./Core/Startup/startup_stm32f303k8tx.o
LOAD ./Drivers/STM32F3xx_HAL_Driver/Src/stm32f3xx_hal.o
LOAD ./Drivers/STM32F3xx_HAL_Driver/Src/stm32f3xx_hal_cortex.o
LOAD ./Drivers/STM32F3xx_HAL_Driver/Src/stm32f3xx_hal_dma.o
LOAD ./Drivers/STM32F3xx_HAL_Driver/Src/stm32f3xx_hal_exti.o
LOAD ./Drivers/STM32F3xx_HAL_Driver/Src/stm32f3xx_hal_flash.o
LOAD ./Drivers/STM32F3xx_HAL_Driver/Src/stm32f3xx_hal_flash_ex.o
LOAD ./Drivers/STM32F3xx_HAL_Driver/Src/stm32f3xx_hal_gpio.o
LOAD ./Drivers/STM32F3xx_HAL_Driver/Src/stm32f3xx_hal_i2c.o
LOAD ./Drivers/STM32F3xx_HAL_Driver/Src/stm32f3xx_hal_i2c_ex.o
LOAD ./Drivers/STM32F3xx_HAL_Driver/Src/stm32f3xx_hal_pwr.o
LOAD ./Drivers/STM32F3xx_HAL_Driver/Src/stm32f3xx_hal_pwr_ex.o
LOAD ./Drivers/STM32F3xx_HAL_Driver/Src/stm32f3xx_hal_rcc.o
LOAD ./Drivers/STM32F3xx_HAL_Driver/Src/stm32f3xx_hal_rcc_ex.o
LOAD ./Drivers/STM32F3xx_HAL_Driver/Src/stm32f3xx_hal_spi.o
LOAD ./Drivers/STM32F3xx_HAL_Driver/Src/stm32f3xx_hal_spi_ex.o
LOAD ./Drivers/STM32F3xx_HAL_Driver/Src/stm32f3xx_hal_tim.o
LOAD ./Drivers/STM32F3xx_HAL_Driver/Src/stm32f3xx_hal_tim_ex.o
LOAD ./Drivers/STM32F3xx_HAL_Driver/Src/stm32f3xx_ll_dma.o
LOAD ./Drivers/STM32F3xx_HAL_Driver/Src/stm32f3xx_ll_exti.o
LOAD ./Drivers/STM32F3xx_HAL_Driver/Src/stm32f3xx_ll_gpio.o
LOAD ./Drivers/STM32F3xx_HAL_Driver/Src/stm32f3xx_ll_i2c.o
LOAD ./Drivers/STM32F3xx_HAL_Driver/Src/stm32f3xx_ll_rcc.o
LOAD ./Drivers/STM32F3xx_HAL_Driver/Src/stm32f3xx_ll_utils.o
LOAD ./FATFS/App/fatfs.o
LOAD ./FATFS/Target/user_diskio.o
LOAD ./Middlewares/Third_Party/FatFs/src/diskio.o
LOAD ./Middlewares/Third_Party/FatFs/src/ff.o
LOAD ./Middlewares/Third_Party/FatFs/src/ff_gen_drv.o
LOAD ./Middlewares/Third_Party/FatFs/src/option/syscall.o
LOAD ./Sensors/hts221.o
LOAD ./Sensors/lps25hb.o
START GROUP
LOAD C:/ST/STM32CubeIDE_1.16.0/STM32CubeIDE/plugins/com.st.stm32cube.ide.mcu.externaltools.gnu-tools-for-stm32.12.3.rel1.win32_1.0.200.202406191623/tools/bin/../lib/gcc/arm-none-eabi/12.3.1/../../../../arm-none-eabi/lib/thumb/v7e-m+fp/hard\libc_nano.a
LOAD C:/ST/STM32CubeIDE_1.16.0/STM32CubeIDE/plugins/com.st.stm32cube.ide.mcu.externaltools.gnu-tools-for-stm32.12.3.rel1.win32_1.0.200.202406191623/tools/bin/../lib/gcc/arm-none-eabi/12.3.1/../../../../arm-none-eabi/lib/thumb/v7e-m+fp/hard\libm.a
END GROUP
START GROUP
LOAD C:/ST/STM32CubeIDE_1.16.0/STM32CubeIDE/plugins/com.st.stm32cube.ide.mcu.externaltools.gnu-tools-for-stm32.12.3.rel1.win32_1.0.200.202406191623/tools/bin/../lib/gcc/arm-none-eabi/12.3.1/thumb/v7e-m+fp/hard\libgcc.a
LOAD C:/ST/STM32CubeIDE_1.16.0/STM32CubeIDE/plugins/com.st.stm32cube.ide.mcu.externaltools.gnu-tools-for-stm32.12.3.rel1.win32_1.0.200.202406191623/tools/bin/../lib/gcc/arm-none-eabi/12.3.1/../../../../arm-none-eabi/lib/thumb/v7e-m+fp/hard\libc_nano.a
END GROUP
START GROUP
LOAD C:/ST/STM32CubeIDE_1.16.0/STM32CubeIDE/plugins/com.st.stm32cube.ide.mcu.externaltools.gnu-tools-for-stm32.12.3.rel1.win32_1.0.200.202406191623/tools/bin/../lib/gcc/arm-none-eabi/12.3.1/thumb/v7e-m+fp/hard\libgcc.a
LOAD C:/ST/STM32CubeIDE_1.16.0/STM32CubeIDE/plugins/com.st.stm32cube.ide.mcu.externaltools.gnu-tools-for-stm32.12.3.rel1.win32_1.0.200.202406191623/tools/bin/../lib/gcc/arm-none-eabi/12.3.1/../../../../arm-none-eabi/lib/thumb/v7e-m+fp/hard\libc_nano.a
LOAD C:/ST/STM32CubeIDE_1.16.0/STM32CubeIDE/plugins/com.st.stm32cube.ide.mcu.externaltools.gnu-tools-for-stm32.12.3.rel1.win32_1.0.200.202406191623/tools/bin/../lib/gcc/arm-none-eabi/12.3.1/../../../../arm-none-eabi/lib/thumb/v7e-m+fp/hard\libnosys.a
END GROUP
START GROUP
LOAD C:/ST/STM32CubeIDE_1.16.0/STM32CubeIDE/plugins/com.st.stm32cube.ide.mcu.externaltools.gnu-tools-for-stm32.12.3.rel1.win32_1.0.200.202406191623/tools/bin/../lib/gcc/arm-none-eabi/12.3.1/thumb/v7e-m+fp/hard\libgcc.a
LOAD C:/ST/STM32CubeIDE_1.16.0/STM32CubeIDE/plugins/com.st.stm32cube.ide.mcu.externaltools.gnu-tools-for-stm32.12.3.rel1.win32_1.0.200.202406191623/tools/bin/../lib/gcc/arm-none-eabi/12.3.1/../../../../arm-none-eabi/lib/thumb/v7e-m+fp/hard\libc_nano.a
LOAD C:/ST/STM32CubeIDE_1.16.0/STM32CubeIDE/plugins/com.st.stm32cube.ide.mcu.externaltools.gnu-tools-for-stm32.12.3.rel1.win32_1.0.200.202406191623/tools/bin/../lib/gcc/arm-none-eabi/12.3.1/../../../../arm-none-eabi/lib/thumb/v7e-m+fp/hard\libnosys.a
END GROUP
LOAD C:/ST/STM32CubeIDE_1.16.0/STM32CubeIDE/plugins/com.st.stm32cube.ide.mcu.externaltools.gnu-tools-for-stm32.12.3.rel1.win32_1.0.200.202406191623/tools/bin/../lib/gcc/arm-none-eabi/12.3.1/thumb/v7e-m+fp/hard/crtend.o
LOAD C:/ST/STM32CubeIDE_1.16.0/STM32CubeIDE/plugins/com.st.stm32cube.ide.mcu.externaltools.gnu-tools-for-stm32.12.3.rel1.win32_1.0.200.202406191623/tools/bin/../lib/gcc/arm-none-eabi/12.3.1/thumb/v7e-m+fp/hard/crtn.o
                0x20003000                        _estack = (ORIGIN (RAM) + LENGTH (RAM))
                0x00000200                        _Min_Heap_Size = 0x200
                0x00000400                        _Min_Stack_Size = 0x400

.isr_vector     0x08000000      0x188
                0x08000000                        . = ALIGN (0x4)
 *(.isr_vector)
 .isr_vector    0x08000000      0x188 ./Core/Startup/startup_stm32f303k8tx.o
                0x08000000                g_pfnVectors
                0x08000188                        . = ALIGN (0x4)

.text           0x08000188     0x390c
                0x08000188                        . = ALIGN (0x4)
 *(.text)
 .text          0x08000188       0x40 C:/ST/STM32CubeIDE_1.16.0/STM32CubeIDE/plugins/com.st.stm32cube.ide.mcu.externaltools.gnu-tools-for-stm32.12.3.rel1.win32_1.0.200.202406191623/tools/bin/../lib/gcc/arm-none-eabi/12.3.1/thumb/v7e-m+fp/hard/crtbegin.o
 *(.text*)
 .text.GFX_Init
                0x080001c8       0x12 ./Core/Src/Adafruit_GFX.o
                0x080001c8                GFX_Init
 .text.GFX_FillScreen
                0x080001da       0x1a ./Core/Src/Adafruit_GFX.o
                0x080001da                GFX_FillScreen
 .text.GFX_SetCursor
                0x080001f4       0x30 ./Core/Src/Adafruit_GFX.o
                0x080001f4                GFX_SetCursor
 .text.GFX_SetTextColor
                0x08000224       0x20 ./Core/Src/Adafruit_GFX.o
                0x08000224                GFX_SetTextColor
 .text.GFX_Print
                0x08000244       0x60 ./Core/Src/Adafruit_GFX.o
                0x08000244                GFX_Print
 .text.ILI9341_SendCommand
                0x080002a4       0x4c ./Core/Src/ILI9341.o
                0x080002a4                ILI9341_SendCommand
 .text.ILI9341_SendData
                0x080002f0       0x4c ./Core/Src/ILI9341.o
                0x080002f0                ILI9341_SendData
 .text.ILI9341_Init
                0x0800033c       0x9c ./Core/Src/ILI9341.o
                0x0800033c                ILI9341_Init
 .text.ILI9341_DrawPixel
                0x080003d8       0xce ./Core/Src/ILI9341.o
                0x080003d8                ILI9341_DrawPixel
 *fill*         0x080004a6        0x2 
 .text.ILI9341_FillScreen
                0x080004a8       0x84 ./Core/Src/ILI9341.o
                0x080004a8                ILI9341_FillScreen
 .text.ILI9341_DrawChar
                0x0800052c      0x108 ./Core/Src/ILI9341.o
                0x0800052c                ILI9341_DrawChar
 .text.MX_GPIO_Init
                0x08000634      0x100 ./Core/Src/gpio.o
                0x08000634                MX_GPIO_Init
 .text.__NVIC_GetPriorityGrouping
                0x08000734       0x1c ./Core/Src/i2c.o
 .text.__NVIC_EnableIRQ
                0x08000750       0x3c ./Core/Src/i2c.o
 .text.__NVIC_SetPriority
                0x0800078c       0x54 ./Core/Src/i2c.o
 .text.NVIC_EncodePriority
                0x080007e0       0x66 ./Core/Src/i2c.o
 .text.LL_I2C_Enable
                0x08000846       0x20 ./Core/Src/i2c.o
 .text.LL_I2C_EnableClockStretching
                0x08000866       0x20 ./Core/Src/i2c.o
 .text.LL_I2C_DisableGeneralCall
                0x08000886       0x20 ./Core/Src/i2c.o
 .text.LL_I2C_SetOwnAddress2
                0x080008a6       0x30 ./Core/Src/i2c.o
 .text.LL_I2C_DisableOwnAddress2
                0x080008d6       0x20 ./Core/Src/i2c.o
 .text.LL_I2C_IsActiveFlag_RXNE
                0x080008f6       0x26 ./Core/Src/i2c.o
 .text.LL_I2C_EnableAutoEndMode
                0x0800091c       0x20 ./Core/Src/i2c.o
 .text.LL_I2C_ReceiveData8
                0x0800093c       0x1a ./Core/Src/i2c.o
 *fill*         0x08000956        0x2 
 .text.LL_AHB1_GRP1_EnableClock
                0x08000958       0x30 ./Core/Src/i2c.o
 .text.LL_APB1_GRP1_EnableClock
                0x08000988       0x30 ./Core/Src/i2c.o
 .text.MX_I2C1_Init
                0x080009b8       0xe0 ./Core/Src/i2c.o
                0x080009b8                MX_I2C1_Init
 .text.I2C1_EV_IRQHandler
                0x08000a98       0x54 ./Core/Src/i2c.o
                0x08000a98                I2C1_EV_IRQHandler
 .text.main     0x08000aec       0x68 ./Core/Src/main.o
                0x08000aec                main
 .text.SystemClock_Config
                0x08000b54       0xbc ./Core/Src/main.o
                0x08000b54                SystemClock_Config
 .text.Error_Handler
                0x08000c10        0xc ./Core/Src/main.o
                0x08000c10                Error_Handler
 .text.MX_SPI1_Init
                0x08000c1c       0x74 ./Core/Src/spi.o
                0x08000c1c                MX_SPI1_Init
 .text.HAL_MspInit
                0x08000c90       0x48 ./Core/Src/stm32f3xx_hal_msp.o
                0x08000c90                HAL_MspInit
 .text.HAL_SPI_MspInit
                0x08000cd8       0x84 ./Core/Src/stm32f3xx_hal_msp.o
                0x08000cd8                HAL_SPI_MspInit
 .text.NMI_Handler
                0x08000d5c        0x8 ./Core/Src/stm32f3xx_it.o
                0x08000d5c                NMI_Handler
 .text.HardFault_Handler
                0x08000d64        0x8 ./Core/Src/stm32f3xx_it.o
                0x08000d64                HardFault_Handler
 .text.MemManage_Handler
                0x08000d6c        0x8 ./Core/Src/stm32f3xx_it.o
                0x08000d6c                MemManage_Handler
 .text.BusFault_Handler
                0x08000d74        0x8 ./Core/Src/stm32f3xx_it.o
                0x08000d74                BusFault_Handler
 .text.UsageFault_Handler
                0x08000d7c        0x8 ./Core/Src/stm32f3xx_it.o
                0x08000d7c                UsageFault_Handler
 .text.SVC_Handler
                0x08000d84        0xe ./Core/Src/stm32f3xx_it.o
                0x08000d84                SVC_Handler
 .text.DebugMon_Handler
                0x08000d92        0xe ./Core/Src/stm32f3xx_it.o
                0x08000d92                DebugMon_Handler
 .text.PendSV_Handler
                0x08000da0        0xe ./Core/Src/stm32f3xx_it.o
                0x08000da0                PendSV_Handler
 .text.SysTick_Handler
                0x08000dae        0xc ./Core/Src/stm32f3xx_it.o
                0x08000dae                SysTick_Handler
 *fill*         0x08000dba        0x2 
 .text.SystemInit
                0x08000dbc       0x24 ./Core/Src/system_stm32f3xx.o
                0x08000dbc                SystemInit
 .text.Reset_Handler
                0x08000de0       0x50 ./Core/Startup/startup_stm32f303k8tx.o
                0x08000de0                Reset_Handler
 .text.Default_Handler
                0x08000e30        0x2 ./Core/Startup/startup_stm32f303k8tx.o
                0x08000e30                RTC_Alarm_IRQHandler
                0x08000e30                TIM1_CC_IRQHandler
                0x08000e30                PVD_IRQHandler
                0x08000e30                TAMP_STAMP_IRQHandler
                0x08000e30                EXTI3_IRQHandler
                0x08000e30                EXTI0_IRQHandler
                0x08000e30                FPU_IRQHandler
                0x08000e30                CAN_TX_IRQHandler
                0x08000e30                TIM1_UP_TIM16_IRQHandler
                0x08000e30                ADC1_2_IRQHandler
                0x08000e30                SPI1_IRQHandler
                0x08000e30                CAN_SCE_IRQHandler
                0x08000e30                DMA1_Channel4_IRQHandler
                0x08000e30                USART3_IRQHandler
                0x08000e30                DMA1_Channel7_IRQHandler
                0x08000e30                TIM7_DAC2_IRQHandler
                0x08000e30                CAN_RX1_IRQHandler
                0x08000e30                DMA1_Channel6_IRQHandler
                0x08000e30                TIM3_IRQHandler
                0x08000e30                RCC_IRQHandler
                0x08000e30                DMA1_Channel1_IRQHandler
                0x08000e30                Default_Handler
                0x08000e30                EXTI15_10_IRQHandler
                0x08000e30                COMP2_IRQHandler
                0x08000e30                TIM6_DAC1_IRQHandler
                0x08000e30                EXTI9_5_IRQHandler
                0x08000e30                RTC_WKUP_IRQHandler
                0x08000e30                DMA1_Channel5_IRQHandler
                0x08000e30                EXTI4_IRQHandler
                0x08000e30                TIM1_TRG_COM_TIM17_IRQHandler
                0x08000e30                DMA1_Channel3_IRQHandler
                0x08000e30                WWDG_IRQHandler
                0x08000e30                TIM2_IRQHandler
                0x08000e30                EXTI1_IRQHandler
                0x08000e30                COMP4_6_IRQHandler
                0x08000e30                USART2_IRQHandler
                0x08000e30                DMA1_Channel2_IRQHandler
                0x08000e30                FLASH_IRQHandler
                0x08000e30                USART1_IRQHandler
                0x08000e30                CAN_RX0_IRQHandler
                0x08000e30                I2C1_ER_IRQHandler
                0x08000e30                EXTI2_TSC_IRQHandler
                0x08000e30                TIM1_BRK_TIM15_IRQHandler
 *fill*         0x08000e32        0x2 
 .text.HAL_Init
                0x08000e34       0x2c ./Drivers/STM32F3xx_HAL_Driver/Src/stm32f3xx_hal.o
                0x08000e34                HAL_Init
 .text.HAL_InitTick
                0x08000e60       0x60 ./Drivers/STM32F3xx_HAL_Driver/Src/stm32f3xx_hal.o
                0x08000e60                HAL_InitTick
 .text.HAL_IncTick
                0x08000ec0       0x28 ./Drivers/STM32F3xx_HAL_Driver/Src/stm32f3xx_hal.o
                0x08000ec0                HAL_IncTick
 .text.HAL_GetTick
                0x08000ee8       0x18 ./Drivers/STM32F3xx_HAL_Driver/Src/stm32f3xx_hal.o
                0x08000ee8                HAL_GetTick
 .text.HAL_Delay
                0x08000f00       0x48 ./Drivers/STM32F3xx_HAL_Driver/Src/stm32f3xx_hal.o
                0x08000f00                HAL_Delay
 .text.__NVIC_SetPriorityGrouping
                0x08000f48       0x48 ./Drivers/STM32F3xx_HAL_Driver/Src/stm32f3xx_hal_cortex.o
 .text.__NVIC_GetPriorityGrouping
                0x08000f90       0x1c ./Drivers/STM32F3xx_HAL_Driver/Src/stm32f3xx_hal_cortex.o
 .text.__NVIC_SetPriority
                0x08000fac       0x54 ./Drivers/STM32F3xx_HAL_Driver/Src/stm32f3xx_hal_cortex.o
 .text.NVIC_EncodePriority
                0x08001000       0x66 ./Drivers/STM32F3xx_HAL_Driver/Src/stm32f3xx_hal_cortex.o
 *fill*         0x08001066        0x2 
 .text.SysTick_Config
                0x08001068       0x44 ./Drivers/STM32F3xx_HAL_Driver/Src/stm32f3xx_hal_cortex.o
 .text.HAL_NVIC_SetPriorityGrouping
                0x080010ac       0x16 ./Drivers/STM32F3xx_HAL_Driver/Src/stm32f3xx_hal_cortex.o
                0x080010ac                HAL_NVIC_SetPriorityGrouping
 .text.HAL_NVIC_SetPriority
                0x080010c2       0x38 ./Drivers/STM32F3xx_HAL_Driver/Src/stm32f3xx_hal_cortex.o
                0x080010c2                HAL_NVIC_SetPriority
 .text.HAL_SYSTICK_Config
                0x080010fa       0x18 ./Drivers/STM32F3xx_HAL_Driver/Src/stm32f3xx_hal_cortex.o
                0x080010fa                HAL_SYSTICK_Config
 *fill*         0x08001112        0x2 
 .text.HAL_GPIO_Init
                0x08001114      0x2e4 ./Drivers/STM32F3xx_HAL_Driver/Src/stm32f3xx_hal_gpio.o
                0x08001114                HAL_GPIO_Init
 .text.HAL_GPIO_WritePin
                0x080013f8       0x30 ./Drivers/STM32F3xx_HAL_Driver/Src/stm32f3xx_hal_gpio.o
                0x080013f8                HAL_GPIO_WritePin
 .text.HAL_RCC_OscConfig
                0x08001428     0x107c ./Drivers/STM32F3xx_HAL_Driver/Src/stm32f3xx_hal_rcc.o
                0x08001428                HAL_RCC_OscConfig
 .text.HAL_RCC_ClockConfig
                0x080024a4      0x2f8 ./Drivers/STM32F3xx_HAL_Driver/Src/stm32f3xx_hal_rcc.o
                0x080024a4                HAL_RCC_ClockConfig
 .text.HAL_RCC_GetSysClockFreq
                0x0800279c       0xa8 ./Drivers/STM32F3xx_HAL_Driver/Src/stm32f3xx_hal_rcc.o
                0x0800279c                HAL_RCC_GetSysClockFreq
 .text.HAL_RCCEx_PeriphCLKConfig
                0x08002844      0x24c ./Drivers/STM32F3xx_HAL_Driver/Src/stm32f3xx_hal_rcc_ex.o
                0x08002844                HAL_RCCEx_PeriphCLKConfig
 .text.HAL_SPI_Init
                0x08002a90      0x146 ./Drivers/STM32F3xx_HAL_Driver/Src/stm32f3xx_hal_spi.o
                0x08002a90                HAL_SPI_Init
 .text.HAL_SPI_Transmit
                0x08002bd6      0x2ea ./Drivers/STM32F3xx_HAL_Driver/Src/stm32f3xx_hal_spi.o
                0x08002bd6                HAL_SPI_Transmit
 .text.HAL_SPI_Transmit_IT
                0x08002ec0      0x118 ./Drivers/STM32F3xx_HAL_Driver/Src/stm32f3xx_hal_spi.o
                0x08002ec0                HAL_SPI_Transmit_IT
 .text.HAL_SPI_TxCpltCallback
                0x08002fd8       0x14 ./Drivers/STM32F3xx_HAL_Driver/Src/stm32f3xx_hal_spi.o
                0x08002fd8                HAL_SPI_TxCpltCallback
 .text.HAL_SPI_ErrorCallback
                0x08002fec       0x14 ./Drivers/STM32F3xx_HAL_Driver/Src/stm32f3xx_hal_spi.o
                0x08002fec                HAL_SPI_ErrorCallback
 .text.SPI_TxISR_8BIT
                0x08003000       0x46 ./Drivers/STM32F3xx_HAL_Driver/Src/stm32f3xx_hal_spi.o
 .text.SPI_TxISR_16BIT
                0x08003046       0x44 ./Drivers/STM32F3xx_HAL_Driver/Src/stm32f3xx_hal_spi.o
 *fill*         0x0800308a        0x2 
 .text.SPI_WaitFlagStateUntilTimeout
                0x0800308c      0x110 ./Drivers/STM32F3xx_HAL_Driver/Src/stm32f3xx_hal_spi.o
 .text.SPI_WaitFifoStateUntilTimeout
                0x0800319c      0x12c ./Drivers/STM32F3xx_HAL_Driver/Src/stm32f3xx_hal_spi.o
 .text.SPI_EndRxTxTransaction
                0x080032c8       0x8c ./Drivers/STM32F3xx_HAL_Driver/Src/stm32f3xx_hal_spi.o
 .text.SPI_CloseTx_ISR
                0x08003354       0x7e ./Drivers/STM32F3xx_HAL_Driver/Src/stm32f3xx_hal_spi.o
 .text.LL_GPIO_SetPinMode
                0x080033d2       0x5e ./Drivers/STM32F3xx_HAL_Driver/Src/stm32f3xx_ll_gpio.o
 .text.LL_GPIO_SetPinOutputType
                0x08003430       0x30 ./Drivers/STM32F3xx_HAL_Driver/Src/stm32f3xx_ll_gpio.o
 .text.LL_GPIO_SetPinSpeed
                0x08003460       0x5e ./Drivers/STM32F3xx_HAL_Driver/Src/stm32f3xx_ll_gpio.o
 .text.LL_GPIO_SetPinPull
                0x080034be       0x5e ./Drivers/STM32F3xx_HAL_Driver/Src/stm32f3xx_ll_gpio.o
 .text.LL_GPIO_SetAFPin_0_7
                0x0800351c       0x5e ./Drivers/STM32F3xx_HAL_Driver/Src/stm32f3xx_ll_gpio.o
 .text.LL_GPIO_SetAFPin_8_15
                0x0800357a       0x62 ./Drivers/STM32F3xx_HAL_Driver/Src/stm32f3xx_ll_gpio.o
 .text.LL_GPIO_Init
                0x080035dc       0xe0 ./Drivers/STM32F3xx_HAL_Driver/Src/stm32f3xx_ll_gpio.o
                0x080035dc                LL_GPIO_Init
 .text.LL_I2C_Enable
                0x080036bc       0x20 ./Drivers/STM32F3xx_HAL_Driver/Src/stm32f3xx_ll_i2c.o
 .text.LL_I2C_Disable
                0x080036dc       0x20 ./Drivers/STM32F3xx_HAL_Driver/Src/stm32f3xx_ll_i2c.o
 .text.LL_I2C_ConfigFilters
                0x080036fc       0x2e ./Drivers/STM32F3xx_HAL_Driver/Src/stm32f3xx_ll_i2c.o
 .text.LL_I2C_SetOwnAddress1
                0x0800372a       0x30 ./Drivers/STM32F3xx_HAL_Driver/Src/stm32f3xx_ll_i2c.o
 .text.LL_I2C_EnableOwnAddress1
                0x0800375a       0x20 ./Drivers/STM32F3xx_HAL_Driver/Src/stm32f3xx_ll_i2c.o
 .text.LL_I2C_DisableOwnAddress1
                0x0800377a       0x20 ./Drivers/STM32F3xx_HAL_Driver/Src/stm32f3xx_ll_i2c.o
 .text.LL_I2C_SetTiming
                0x0800379a       0x1c ./Drivers/STM32F3xx_HAL_Driver/Src/stm32f3xx_ll_i2c.o
 .text.LL_I2C_SetMode
                0x080037b6       0x26 ./Drivers/STM32F3xx_HAL_Driver/Src/stm32f3xx_ll_i2c.o
 .text.LL_I2C_AcknowledgeNextData
                0x080037dc       0x26 ./Drivers/STM32F3xx_HAL_Driver/Src/stm32f3xx_ll_i2c.o
 .text.LL_I2C_Init
                0x08003802       0x78 ./Drivers/STM32F3xx_HAL_Driver/Src/stm32f3xx_ll_i2c.o
                0x08003802                LL_I2C_Init
 *fill*         0x0800387a        0x2 
 .text.MX_FATFS_Init
                0x0800387c       0x24 ./FATFS/App/fatfs.o
                0x0800387c                MX_FATFS_Init
 .text.USER_initialize
                0x080038a0       0x28 ./FATFS/Target/user_diskio.o
                0x080038a0                USER_initialize
 .text.USER_status
                0x080038c8       0x28 ./FATFS/Target/user_diskio.o
                0x080038c8                USER_status
 .text.USER_read
                0x080038f0       0x1e ./FATFS/Target/user_diskio.o
                0x080038f0                USER_read
 .text.USER_write
                0x0800390e       0x1e ./FATFS/Target/user_diskio.o
                0x0800390e                USER_write
 .text.USER_ioctl
                0x0800392c       0x22 ./FATFS/Target/user_diskio.o
                0x0800392c                USER_ioctl
 *fill*         0x0800394e        0x2 
 .text.FATFS_LinkDriverEx
                0x08003950       0x98 ./Middlewares/Third_Party/FatFs/src/ff_gen_drv.o
                0x08003950                FATFS_LinkDriverEx
 .text.FATFS_LinkDriver
                0x080039e8       0x1e ./Middlewares/Third_Party/FatFs/src/ff_gen_drv.o
                0x080039e8                FATFS_LinkDriver
 .text.memset   0x08003a06       0x10 C:/ST/STM32CubeIDE_1.16.0/STM32CubeIDE/plugins/com.st.stm32cube.ide.mcu.externaltools.gnu-tools-for-stm32.12.3.rel1.win32_1.0.200.202406191623/tools/bin/../lib/gcc/arm-none-eabi/12.3.1/../../../../arm-none-eabi/lib/thumb/v7e-m+fp/hard\libc_nano.a(libc_a-memset.o)
                0x08003a06                memset
 *fill*         0x08003a16        0x2 
 .text.__libc_init_array
                0x08003a18       0x48 C:/ST/STM32CubeIDE_1.16.0/STM32CubeIDE/plugins/com.st.stm32cube.ide.mcu.externaltools.gnu-tools-for-stm32.12.3.rel1.win32_1.0.200.202406191623/tools/bin/../lib/gcc/arm-none-eabi/12.3.1/../../../../arm-none-eabi/lib/thumb/v7e-m+fp/hard\libc_nano.a(libc_a-init.o)
                0x08003a18                __libc_init_array
 .text.memcpy   0x08003a60       0x1c C:/ST/STM32CubeIDE_1.16.0/STM32CubeIDE/plugins/com.st.stm32cube.ide.mcu.externaltools.gnu-tools-for-stm32.12.3.rel1.win32_1.0.200.202406191623/tools/bin/../lib/gcc/arm-none-eabi/12.3.1/../../../../arm-none-eabi/lib/thumb/v7e-m+fp/hard\libc_nano.a(libc_a-memcpy-stub.o)
                0x08003a60                memcpy
 *(.glue_7)
 .glue_7        0x08003a7c        0x0 linker stubs
 *(.glue_7t)
 .glue_7t       0x08003a7c        0x0 linker stubs
 *(.eh_frame)
 .eh_frame      0x08003a7c        0x0 C:/ST/STM32CubeIDE_1.16.0/STM32CubeIDE/plugins/com.st.stm32cube.ide.mcu.externaltools.gnu-tools-for-stm32.12.3.rel1.win32_1.0.200.202406191623/tools/bin/../lib/gcc/arm-none-eabi/12.3.1/thumb/v7e-m+fp/hard/crtbegin.o
 *(.init)
 .init          0x08003a7c        0x4 C:/ST/STM32CubeIDE_1.16.0/STM32CubeIDE/plugins/com.st.stm32cube.ide.mcu.externaltools.gnu-tools-for-stm32.12.3.rel1.win32_1.0.200.202406191623/tools/bin/../lib/gcc/arm-none-eabi/12.3.1/thumb/v7e-m+fp/hard/crti.o
                0x08003a7c                _init
 .init          0x08003a80        0x8 C:/ST/STM32CubeIDE_1.16.0/STM32CubeIDE/plugins/com.st.stm32cube.ide.mcu.externaltools.gnu-tools-for-stm32.12.3.rel1.win32_1.0.200.202406191623/tools/bin/../lib/gcc/arm-none-eabi/12.3.1/thumb/v7e-m+fp/hard/crtn.o
 *(.fini)
 .fini          0x08003a88        0x4 C:/ST/STM32CubeIDE_1.16.0/STM32CubeIDE/plugins/com.st.stm32cube.ide.mcu.externaltools.gnu-tools-for-stm32.12.3.rel1.win32_1.0.200.202406191623/tools/bin/../lib/gcc/arm-none-eabi/12.3.1/thumb/v7e-m+fp/hard/crti.o
                0x08003a88                _fini
 .fini          0x08003a8c        0x8 C:/ST/STM32CubeIDE_1.16.0/STM32CubeIDE/plugins/com.st.stm32cube.ide.mcu.externaltools.gnu-tools-for-stm32.12.3.rel1.win32_1.0.200.202406191623/tools/bin/../lib/gcc/arm-none-eabi/12.3.1/thumb/v7e-m+fp/hard/crtn.o
                0x08003a94                        . = ALIGN (0x4)
                0x08003a94                        _etext = .

.vfp11_veneer   0x08003a94        0x0
 .vfp11_veneer  0x08003a94        0x0 linker stubs

.v4_bx          0x08003a94        0x0
 .v4_bx         0x08003a94        0x0 linker stubs

.iplt           0x08003a94        0x0
 .iplt          0x08003a94        0x0 C:/ST/STM32CubeIDE_1.16.0/STM32CubeIDE/plugins/com.st.stm32cube.ide.mcu.externaltools.gnu-tools-for-stm32.12.3.rel1.win32_1.0.200.202406191623/tools/bin/../lib/gcc/arm-none-eabi/12.3.1/thumb/v7e-m+fp/hard/crtbegin.o

.rodata         0x08003a94      0x290
                0x08003a94                        . = ALIGN (0x4)
 *(.rodata)
 .rodata        0x08003a94       0x74 ./Core/Src/ILI9341.o
 .rodata        0x08003b08        0xe ./Core/Src/main.o
 *(.rodata*)
 *fill*         0x08003b16        0x2 
 .rodata.font   0x08003b18      0x1db ./Core/Src/fonts.o
                0x08003b18                font
 *fill*         0x08003cf3        0x1 
 .rodata.AHBPrescTable
                0x08003cf4       0x10 ./Core/Src/system_stm32f3xx.o
                0x08003cf4                AHBPrescTable
 .rodata.aPLLMULFactorTable
                0x08003d04       0x10 ./Drivers/STM32F3xx_HAL_Driver/Src/stm32f3xx_hal_rcc.o
 .rodata.aPredivFactorTable
                0x08003d14       0x10 ./Drivers/STM32F3xx_HAL_Driver/Src/stm32f3xx_hal_rcc.o
                0x08003d24                        . = ALIGN (0x4)

.ARM.extab      0x08003d24        0x0
                0x08003d24                        . = ALIGN (0x4)
 *(.ARM.extab* .gnu.linkonce.armextab.*)
                0x08003d24                        . = ALIGN (0x4)

.ARM            0x08003d24        0x0
                0x08003d24                        . = ALIGN (0x4)
                0x08003d24                        __exidx_start = .
 *(.ARM.exidx*)
                0x08003d24                        __exidx_end = .
                0x08003d24                        . = ALIGN (0x4)

.preinit_array  0x08003d24        0x0
                0x08003d24                        . = ALIGN (0x4)
                0x08003d24                        PROVIDE (__preinit_array_start = .)
 *(.preinit_array*)
                0x08003d24                        PROVIDE (__preinit_array_end = .)
                0x08003d24                        . = ALIGN (0x4)

.init_array     0x08003d24        0x4
                0x08003d24                        . = ALIGN (0x4)
                0x08003d24                        PROVIDE (__init_array_start = .)
 *(SORT_BY_NAME(.init_array.*))
 *(.init_array*)
 .init_array    0x08003d24        0x4 C:/ST/STM32CubeIDE_1.16.0/STM32CubeIDE/plugins/com.st.stm32cube.ide.mcu.externaltools.gnu-tools-for-stm32.12.3.rel1.win32_1.0.200.202406191623/tools/bin/../lib/gcc/arm-none-eabi/12.3.1/thumb/v7e-m+fp/hard/crtbegin.o
                0x08003d28                        PROVIDE (__init_array_end = .)
                0x08003d28                        . = ALIGN (0x4)

.fini_array     0x08003d28        0x4
                0x08003d28                        . = ALIGN (0x4)
                [!provide]                        PROVIDE (__fini_array_start = .)
 *(SORT_BY_NAME(.fini_array.*))
 *(.fini_array*)
 .fini_array    0x08003d28        0x4 C:/ST/STM32CubeIDE_1.16.0/STM32CubeIDE/plugins/com.st.stm32cube.ide.mcu.externaltools.gnu-tools-for-stm32.12.3.rel1.win32_1.0.200.202406191623/tools/bin/../lib/gcc/arm-none-eabi/12.3.1/thumb/v7e-m+fp/hard/crtbegin.o
                [!provide]                        PROVIDE (__fini_array_end = .)
                0x08003d2c                        . = ALIGN (0x4)
                0x08003d2c                        _sidata = LOADADDR (.data)

.rel.dyn        0x08003d2c        0x0
 .rel.iplt      0x08003d2c        0x0 C:/ST/STM32CubeIDE_1.16.0/STM32CubeIDE/plugins/com.st.stm32cube.ide.mcu.externaltools.gnu-tools-for-stm32.12.3.rel1.win32_1.0.200.202406191623/tools/bin/../lib/gcc/arm-none-eabi/12.3.1/thumb/v7e-m+fp/hard/crtbegin.o

.data           0x20000000       0x28 load address 0x08003d2c
                0x20000000                        . = ALIGN (0x4)
                0x20000000                        _sdata = .
 *(.data)
 *(.data*)
 .data.text_color
                0x20000000        0x2 ./Core/Src/Adafruit_GFX.o
 *fill*         0x20000002        0x2 
 .data.TX_Buffer
                0x20000004        0x2 ./Core/Src/main.o
                0x20000004                TX_Buffer
 *fill*         0x20000006        0x2 
 .data.SystemCoreClock
                0x20000008        0x4 ./Core/Src/system_stm32f3xx.o
                0x20000008                SystemCoreClock
 .data.uwTickPrio
                0x2000000c        0x4 ./Drivers/STM32F3xx_HAL_Driver/Src/stm32f3xx_hal.o
                0x2000000c                uwTickPrio
 .data.uwTickFreq
                0x20000010        0x1 ./Drivers/STM32F3xx_HAL_Driver/Src/stm32f3xx_hal.o
                0x20000010                uwTickFreq
 .data.Stat     0x20000011        0x1 ./FATFS/Target/user_diskio.o
 *fill*         0x20000012        0x2 
 .data.USER_Driver
                0x20000014       0x14 ./FATFS/Target/user_diskio.o
                0x20000014                USER_Driver
 *(.RamFunc)
 *(.RamFunc*)
                0x20000028                        . = ALIGN (0x4)
                0x20000028                        _edata = .
                0x08003d54                        _siccmram = LOADADDR (.ccmram)

.igot.plt       0x20000028        0x0 load address 0x08003d54
 .igot.plt      0x20000028        0x0 C:/ST/STM32CubeIDE_1.16.0/STM32CubeIDE/plugins/com.st.stm32cube.ide.mcu.externaltools.gnu-tools-for-stm32.12.3.rel1.win32_1.0.200.202406191623/tools/bin/../lib/gcc/arm-none-eabi/12.3.1/thumb/v7e-m+fp/hard/crtbegin.o

.ccmram         0x10000000        0x0 load address 0x08003d54
                0x10000000                        . = ALIGN (0x4)
                0x10000000                        _sccmram = .
 *(.ccmram)
 *(.ccmram*)
                0x10000000                        . = ALIGN (0x4)
                0x10000000                        _eccmram = .
                0x10000000                        . = ALIGN (0x4)

.bss            0x20000028       0xa4
                0x20000028                        _sbss = .
                0x20000028                        __bss_start__ = _sbss
 *(.bss)
 .bss           0x20000028       0x1c C:/ST/STM32CubeIDE_1.16.0/STM32CubeIDE/plugins/com.st.stm32cube.ide.mcu.externaltools.gnu-tools-for-stm32.12.3.rel1.win32_1.0.200.202406191623/tools/bin/../lib/gcc/arm-none-eabi/12.3.1/thumb/v7e-m+fp/hard/crtbegin.o
 *(.bss*)
 .bss.cursor_x  0x20000044        0x2 ./Core/Src/Adafruit_GFX.o
 .bss.cursor_y  0x20000046        0x2 ./Core/Src/Adafruit_GFX.o
 .bss.i2c_rx_data
                0x20000048        0x4 ./Core/Src/i2c.o
                0x20000048                i2c_rx_data
 .bss.rx_data_index
                0x2000004c        0x1 ./Core/Src/i2c.o
                0x2000004c                rx_data_index
 *fill*         0x2000004d        0x3 
 .bss.hspi1     0x20000050       0x64 ./Core/Src/spi.o
                0x20000050                hspi1
 .bss.uwTick    0x200000b4        0x4 ./Drivers/STM32F3xx_HAL_Driver/Src/stm32f3xx_hal.o
                0x200000b4                uwTick
 .bss.retUSER   0x200000b8        0x1 ./FATFS/App/fatfs.o
                0x200000b8                retUSER
 *fill*         0x200000b9        0x3 
 .bss.USERPath  0x200000bc        0x4 ./FATFS/App/fatfs.o
                0x200000bc                USERPath
 .bss.disk      0x200000c0        0xc ./Middlewares/Third_Party/FatFs/src/ff_gen_drv.o
                0x200000c0                disk
 *(COMMON)
                0x200000cc                        . = ALIGN (0x4)
                0x200000cc                        _ebss = .
                0x200000cc                        __bss_end__ = _ebss

._user_heap_stack
                0x200000cc      0x604
                0x200000d0                        . = ALIGN (0x8)
 *fill*         0x200000cc        0x4 
                [!provide]                        PROVIDE (end = .)
                0x200000d0                        PROVIDE (_end = .)
                0x200002d0                        . = (. + _Min_Heap_Size)
 *fill*         0x200000d0      0x200 
                0x200006d0                        . = (. + _Min_Stack_Size)
 *fill*         0x200002d0      0x400 
                0x200006d0                        . = ALIGN (0x8)

/DISCARD/
 libc.a(*)
 libm.a(*)
 libgcc.a(*)

.ARM.attributes
                0x00000000       0x30
 *(.ARM.attributes)
 .ARM.attributes
                0x00000000       0x22 C:/ST/STM32CubeIDE_1.16.0/STM32CubeIDE/plugins/com.st.stm32cube.ide.mcu.externaltools.gnu-tools-for-stm32.12.3.rel1.win32_1.0.200.202406191623/tools/bin/../lib/gcc/arm-none-eabi/12.3.1/thumb/v7e-m+fp/hard/crti.o
 .ARM.attributes
                0x00000022       0x34 C:/ST/STM32CubeIDE_1.16.0/STM32CubeIDE/plugins/com.st.stm32cube.ide.mcu.externaltools.gnu-tools-for-stm32.12.3.rel1.win32_1.0.200.202406191623/tools/bin/../lib/gcc/arm-none-eabi/12.3.1/thumb/v7e-m+fp/hard/crtbegin.o
 .ARM.attributes
                0x00000056       0x34 ./Core/Src/Adafruit_GFX.o
 .ARM.attributes
                0x0000008a       0x34 ./Core/Src/ILI9341.o
 .ARM.attributes
                0x000000be       0x34 ./Core/Src/fonts.o
 .ARM.attributes
                0x000000f2       0x34 ./Core/Src/gpio.o
 .ARM.attributes
                0x00000126       0x34 ./Core/Src/i2c.o
 .ARM.attributes
                0x0000015a       0x34 ./Core/Src/main.o
 .ARM.attributes
                0x0000018e       0x34 ./Core/Src/spi.o
 .ARM.attributes
                0x000001c2       0x34 ./Core/Src/stm32f3xx_hal_msp.o
 .ARM.attributes
                0x000001f6       0x34 ./Core/Src/stm32f3xx_it.o
 .ARM.attributes
                0x0000022a       0x34 ./Core/Src/system_stm32f3xx.o
 .ARM.attributes
                0x0000025e       0x21 ./Core/Startup/startup_stm32f303k8tx.o
 .ARM.attributes
                0x0000027f       0x34 ./Drivers/STM32F3xx_HAL_Driver/Src/stm32f3xx_hal.o
 .ARM.attributes
                0x000002b3       0x34 ./Drivers/STM32F3xx_HAL_Driver/Src/stm32f3xx_hal_cortex.o
 .ARM.attributes
                0x000002e7       0x34 ./Drivers/STM32F3xx_HAL_Driver/Src/stm32f3xx_hal_gpio.o
 .ARM.attributes
                0x0000031b       0x34 ./Drivers/STM32F3xx_HAL_Driver/Src/stm32f3xx_hal_rcc.o
 .ARM.attributes
                0x0000034f       0x34 ./Drivers/STM32F3xx_HAL_Driver/Src/stm32f3xx_hal_rcc_ex.o
 .ARM.attributes
                0x00000383       0x34 ./Drivers/STM32F3xx_HAL_Driver/Src/stm32f3xx_hal_spi.o
 .ARM.attributes
                0x000003b7       0x34 ./Drivers/STM32F3xx_HAL_Driver/Src/stm32f3xx_ll_gpio.o
 .ARM.attributes
                0x000003eb       0x34 ./Drivers/STM32F3xx_HAL_Driver/Src/stm32f3xx_ll_i2c.o
 .ARM.attributes
                0x0000041f       0x34 ./FATFS/App/fatfs.o
 .ARM.attributes
                0x00000453       0x34 ./FATFS/Target/user_diskio.o
 .ARM.attributes
                0x00000487       0x34 ./Middlewares/Third_Party/FatFs/src/ff_gen_drv.o
 .ARM.attributes
                0x000004bb       0x34 C:/ST/STM32CubeIDE_1.16.0/STM32CubeIDE/plugins/com.st.stm32cube.ide.mcu.externaltools.gnu-tools-for-stm32.12.3.rel1.win32_1.0.200.202406191623/tools/bin/../lib/gcc/arm-none-eabi/12.3.1/../../../../arm-none-eabi/lib/thumb/v7e-m+fp/hard\libc_nano.a(libc_a-memset.o)
 .ARM.attributes
                0x000004ef       0x34 C:/ST/STM32CubeIDE_1.16.0/STM32CubeIDE/plugins/com.st.stm32cube.ide.mcu.externaltools.gnu-tools-for-stm32.12.3.rel1.win32_1.0.200.202406191623/tools/bin/../lib/gcc/arm-none-eabi/12.3.1/../../../../arm-none-eabi/lib/thumb/v7e-m+fp/hard\libc_nano.a(libc_a-init.o)
 .ARM.attributes
                0x00000523       0x34 C:/ST/STM32CubeIDE_1.16.0/STM32CubeIDE/plugins/com.st.stm32cube.ide.mcu.externaltools.gnu-tools-for-stm32.12.3.rel1.win32_1.0.200.202406191623/tools/bin/../lib/gcc/arm-none-eabi/12.3.1/../../../../arm-none-eabi/lib/thumb/v7e-m+fp/hard\libc_nano.a(libc_a-memcpy-stub.o)
 .ARM.attributes
                0x00000557       0x22 C:/ST/STM32CubeIDE_1.16.0/STM32CubeIDE/plugins/com.st.stm32cube.ide.mcu.externaltools.gnu-tools-for-stm32.12.3.rel1.win32_1.0.200.202406191623/tools/bin/../lib/gcc/arm-none-eabi/12.3.1/thumb/v7e-m+fp/hard/crtn.o
OUTPUT(meteostanica.elf elf32-littlearm)
LOAD linker stubs
LOAD C:/ST/STM32CubeIDE_1.16.0/STM32CubeIDE/plugins/com.st.stm32cube.ide.mcu.externaltools.gnu-tools-for-stm32.12.3.rel1.win32_1.0.200.202406191623/tools/bin/../lib/gcc/arm-none-eabi/12.3.1/../../../../arm-none-eabi/lib/thumb/v7e-m+fp/hard\libc.a
LOAD C:/ST/STM32CubeIDE_1.16.0/STM32CubeIDE/plugins/com.st.stm32cube.ide.mcu.externaltools.gnu-tools-for-stm32.12.3.rel1.win32_1.0.200.202406191623/tools/bin/../lib/gcc/arm-none-eabi/12.3.1/../../../../arm-none-eabi/lib/thumb/v7e-m+fp/hard\libm.a
LOAD C:/ST/STM32CubeIDE_1.16.0/STM32CubeIDE/plugins/com.st.stm32cube.ide.mcu.externaltools.gnu-tools-for-stm32.12.3.rel1.win32_1.0.200.202406191623/tools/bin/../lib/gcc/arm-none-eabi/12.3.1/thumb/v7e-m+fp/hard\libgcc.a

.debug_info     0x00000000     0x9bca
 .debug_info    0x00000000      0x2ef ./Core/Src/Adafruit_GFX.o
 .debug_info    0x000002ef      0x96d ./Core/Src/ILI9341.o
 .debug_info    0x00000c5c       0xb3 ./Core/Src/fonts.o
 .debug_info    0x00000d0f      0x31d ./Core/Src/gpio.o
 .debug_info    0x0000102c      0xde2 ./Core/Src/i2c.o
 .debug_info    0x00001e0e      0x991 ./Core/Src/main.o
 .debug_info    0x0000279f      0x5fd ./Core/Src/spi.o
 .debug_info    0x00002d9c      0x836 ./Core/Src/stm32f3xx_hal_msp.o
 .debug_info    0x000035d2      0x157 ./Core/Src/stm32f3xx_it.o
 .debug_info    0x00003729      0x407 ./Core/Src/system_stm32f3xx.o
 .debug_info    0x00003b30       0x30 ./Core/Startup/startup_stm32f303k8tx.o
 .debug_info    0x00003b60      0x74a ./Drivers/STM32F3xx_HAL_Driver/Src/stm32f3xx_hal.o
 .debug_info    0x000042aa      0xa87 ./Drivers/STM32F3xx_HAL_Driver/Src/stm32f3xx_hal_cortex.o
 .debug_info    0x00004d31      0x6a6 ./Drivers/STM32F3xx_HAL_Driver/Src/stm32f3xx_hal_gpio.o
 .debug_info    0x000053d7     0x148a ./Drivers/STM32F3xx_HAL_Driver/Src/stm32f3xx_hal_rcc.o
 .debug_info    0x00006861      0x52e ./Drivers/STM32F3xx_HAL_Driver/Src/stm32f3xx_hal_rcc_ex.o
 .debug_info    0x00006d8f     0x160a ./Drivers/STM32F3xx_HAL_Driver/Src/stm32f3xx_hal_spi.o
 .debug_info    0x00008399      0x6ee ./Drivers/STM32F3xx_HAL_Driver/Src/stm32f3xx_ll_gpio.o
 .debug_info    0x00008a87      0x530 ./Drivers/STM32F3xx_HAL_Driver/Src/stm32f3xx_ll_i2c.o
 .debug_info    0x00008fb7      0x4fb ./FATFS/App/fatfs.o
 .debug_info    0x000094b2      0x36c ./FATFS/Target/user_diskio.o
 .debug_info    0x0000981e      0x3ac ./Middlewares/Third_Party/FatFs/src/ff_gen_drv.o

.debug_abbrev   0x00000000     0x2524
 .debug_abbrev  0x00000000      0x11e ./Core/Src/Adafruit_GFX.o
 .debug_abbrev  0x0000011e      0x1ec ./Core/Src/ILI9341.o
 .debug_abbrev  0x0000030a       0x63 ./Core/Src/fonts.o
 .debug_abbrev  0x0000036d      0x151 ./Core/Src/gpio.o
 .debug_abbrev  0x000004be      0x266 ./Core/Src/i2c.o
 .debug_abbrev  0x00000724      0x237 ./Core/Src/main.o
 .debug_abbrev  0x0000095b      0x19b ./Core/Src/spi.o
 .debug_abbrev  0x00000af6      0x1ab ./Core/Src/stm32f3xx_hal_msp.o
 .debug_abbrev  0x00000ca1       0xac ./Core/Src/stm32f3xx_it.o
 .debug_abbrev  0x00000d4d      0x11a ./Core/Src/system_stm32f3xx.o
 .debug_abbrev  0x00000e67       0x24 ./Core/Startup/startup_stm32f303k8tx.o
 .debug_abbrev  0x00000e8b      0x215 ./Drivers/STM32F3xx_HAL_Driver/Src/stm32f3xx_hal.o
 .debug_abbrev  0x000010a0      0x2f8 ./Drivers/STM32F3xx_HAL_Driver/Src/stm32f3xx_hal_cortex.o
 .debug_abbrev  0x00001398      0x1ca ./Drivers/STM32F3xx_HAL_Driver/Src/stm32f3xx_hal_gpio.o
 .debug_abbrev  0x00001562      0x300 ./Drivers/STM32F3xx_HAL_Driver/Src/stm32f3xx_hal_rcc.o
 .debug_abbrev  0x00001862      0x221 ./Drivers/STM32F3xx_HAL_Driver/Src/stm32f3xx_hal_rcc_ex.o
 .debug_abbrev  0x00001a83      0x269 ./Drivers/STM32F3xx_HAL_Driver/Src/stm32f3xx_hal_spi.o
 .debug_abbrev  0x00001cec      0x21e ./Drivers/STM32F3xx_HAL_Driver/Src/stm32f3xx_ll_gpio.o
 .debug_abbrev  0x00001f0a      0x177 ./Drivers/STM32F3xx_HAL_Driver/Src/stm32f3xx_ll_i2c.o
 .debug_abbrev  0x00002081      0x1b9 ./FATFS/App/fatfs.o
 .debug_abbrev  0x0000223a      0x14e ./FATFS/Target/user_diskio.o
 .debug_abbrev  0x00002388      0x19c ./Middlewares/Third_Party/FatFs/src/ff_gen_drv.o

.debug_aranges  0x00000000      0x950
 .debug_aranges
                0x00000000       0x50 ./Core/Src/Adafruit_GFX.o
 .debug_aranges
                0x00000050       0x48 ./Core/Src/ILI9341.o
 .debug_aranges
                0x00000098       0x18 ./Core/Src/fonts.o
 .debug_aranges
                0x000000b0       0x20 ./Core/Src/gpio.o
 .debug_aranges
                0x000000d0       0xe0 ./Core/Src/i2c.o
 .debug_aranges
                0x000001b0       0x30 ./Core/Src/main.o
 .debug_aranges
                0x000001e0       0x20 ./Core/Src/spi.o
 .debug_aranges
                0x00000200       0x30 ./Core/Src/stm32f3xx_hal_msp.o
 .debug_aranges
                0x00000230       0x60 ./Core/Src/stm32f3xx_it.o
 .debug_aranges
                0x00000290       0x28 ./Core/Src/system_stm32f3xx.o
 .debug_aranges
                0x000002b8       0x28 ./Core/Startup/startup_stm32f303k8tx.o
 .debug_aranges
                0x000002e0       0xe0 ./Drivers/STM32F3xx_HAL_Driver/Src/stm32f3xx_hal.o
 .debug_aranges
                0x000003c0      0x100 ./Drivers/STM32F3xx_HAL_Driver/Src/stm32f3xx_hal_cortex.o
 .debug_aranges
                0x000004c0       0x58 ./Drivers/STM32F3xx_HAL_Driver/Src/stm32f3xx_hal_gpio.o
 .debug_aranges
                0x00000518       0x88 ./Drivers/STM32F3xx_HAL_Driver/Src/stm32f3xx_hal_rcc.o
 .debug_aranges
                0x000005a0       0x38 ./Drivers/STM32F3xx_HAL_Driver/Src/stm32f3xx_hal_rcc_ex.o
 .debug_aranges
                0x000005d8      0x1d8 ./Drivers/STM32F3xx_HAL_Driver/Src/stm32f3xx_hal_spi.o
 .debug_aranges
                0x000007b0       0x70 ./Drivers/STM32F3xx_HAL_Driver/Src/stm32f3xx_ll_gpio.o
 .debug_aranges
                0x00000820       0x88 ./Drivers/STM32F3xx_HAL_Driver/Src/stm32f3xx_ll_i2c.o
 .debug_aranges
                0x000008a8       0x28 ./FATFS/App/fatfs.o
 .debug_aranges
                0x000008d0       0x40 ./FATFS/Target/user_diskio.o
 .debug_aranges
                0x00000910       0x40 ./Middlewares/Third_Party/FatFs/src/ff_gen_drv.o

.debug_rnglists
                0x00000000      0x6bf
 .debug_rnglists
                0x00000000       0x44 ./Core/Src/Adafruit_GFX.o
 .debug_rnglists
                0x00000044       0x35 ./Core/Src/ILI9341.o
 .debug_rnglists
                0x00000079       0x14 ./Core/Src/gpio.o
 .debug_rnglists
                0x0000008d       0xa5 ./Core/Src/i2c.o
 .debug_rnglists
                0x00000132       0x20 ./Core/Src/main.o
 .debug_rnglists
                0x00000152       0x13 ./Core/Src/spi.o
 .debug_rnglists
                0x00000165       0x20 ./Core/Src/stm32f3xx_hal_msp.o
 .debug_rnglists
                0x00000185       0x43 ./Core/Src/stm32f3xx_it.o
 .debug_rnglists
                0x000001c8       0x1a ./Core/Src/system_stm32f3xx.o
 .debug_rnglists
                0x000001e2       0x19 ./Core/Startup/startup_stm32f303k8tx.o
 .debug_rnglists
                0x000001fb       0xa3 ./Drivers/STM32F3xx_HAL_Driver/Src/stm32f3xx_hal.o
 .debug_rnglists
                0x0000029e       0xbb ./Drivers/STM32F3xx_HAL_Driver/Src/stm32f3xx_hal_cortex.o
 .debug_rnglists
                0x00000359       0x3f ./Drivers/STM32F3xx_HAL_Driver/Src/stm32f3xx_hal_gpio.o
 .debug_rnglists
                0x00000398       0x66 ./Drivers/STM32F3xx_HAL_Driver/Src/stm32f3xx_hal_rcc.o
 .debug_rnglists
                0x000003fe       0x27 ./Drivers/STM32F3xx_HAL_Driver/Src/stm32f3xx_hal_rcc_ex.o
 .debug_rnglists
                0x00000425      0x178 ./Drivers/STM32F3xx_HAL_Driver/Src/stm32f3xx_hal_spi.o
 .debug_rnglists
                0x0000059d       0x51 ./Drivers/STM32F3xx_HAL_Driver/Src/stm32f3xx_ll_gpio.o
 .debug_rnglists
                0x000005ee       0x61 ./Drivers/STM32F3xx_HAL_Driver/Src/stm32f3xx_ll_i2c.o
 .debug_rnglists
                0x0000064f       0x19 ./FATFS/App/fatfs.o
 .debug_rnglists
                0x00000668       0x2b ./FATFS/Target/user_diskio.o
 .debug_rnglists
                0x00000693       0x2c ./Middlewares/Third_Party/FatFs/src/ff_gen_drv.o

.debug_macro    0x00000000    0x1d266
 .debug_macro   0x00000000      0x2a5 ./Core/Src/Adafruit_GFX.o
 .debug_macro   0x000002a5      0xaba ./Core/Src/Adafruit_GFX.o
 .debug_macro   0x00000d5f      0x151 ./Core/Src/Adafruit_GFX.o
 .debug_macro   0x00000eb0       0x2e ./Core/Src/Adafruit_GFX.o
 .debug_macro   0x00000ede       0x28 ./Core/Src/Adafruit_GFX.o
 .debug_macro   0x00000f06       0x22 ./Core/Src/Adafruit_GFX.o
 .debug_macro   0x00000f28       0x8e ./Core/Src/Adafruit_GFX.o
 .debug_macro   0x00000fb6       0x51 ./Core/Src/Adafruit_GFX.o
 .debug_macro   0x00001007      0x103 ./Core/Src/Adafruit_GFX.o
 .debug_macro   0x0000110a       0x6a ./Core/Src/Adafruit_GFX.o
 .debug_macro   0x00001174      0x1df ./Core/Src/Adafruit_GFX.o
 .debug_macro   0x00001353       0x1c ./Core/Src/Adafruit_GFX.o
 .debug_macro   0x0000136f       0x22 ./Core/Src/Adafruit_GFX.o
 .debug_macro   0x00001391       0xd9 ./Core/Src/Adafruit_GFX.o
 .debug_macro   0x0000146a      0xf07 ./Core/Src/Adafruit_GFX.o
 .debug_macro   0x00002371    0x10be0 ./Core/Src/Adafruit_GFX.o
 .debug_macro   0x00012f51       0x6d ./Core/Src/Adafruit_GFX.o
 .debug_macro   0x00012fbe     0x3574 ./Core/Src/Adafruit_GFX.o
 .debug_macro   0x00016532      0x189 ./Core/Src/Adafruit_GFX.o
 .debug_macro   0x000166bb       0x55 ./Core/Src/Adafruit_GFX.o
 .debug_macro   0x00016710      0x8f8 ./Core/Src/Adafruit_GFX.o
 .debug_macro   0x00017008      0x304 ./Core/Src/Adafruit_GFX.o
 .debug_macro   0x0001730c      0x1b5 ./Core/Src/Adafruit_GFX.o
 .debug_macro   0x000174c1      0x11b ./Core/Src/Adafruit_GFX.o
 .debug_macro   0x000175dc      0x1d5 ./Core/Src/Adafruit_GFX.o
 .debug_macro   0x000177b1      0x1bc ./Core/Src/Adafruit_GFX.o
 .debug_macro   0x0001796d       0x34 ./Core/Src/Adafruit_GFX.o
 .debug_macro   0x000179a1       0x3c ./Core/Src/Adafruit_GFX.o
 .debug_macro   0x000179dd       0x57 ./Core/Src/Adafruit_GFX.o
 .debug_macro   0x00017a34       0xc5 ./Core/Src/Adafruit_GFX.o
 .debug_macro   0x00017af9      0x19f ./Core/Src/Adafruit_GFX.o
 .debug_macro   0x00017c98      0x22c ./Core/Src/Adafruit_GFX.o
 .debug_macro   0x00017ec4       0x5b ./Core/Src/Adafruit_GFX.o
 .debug_macro   0x00017f1f       0xa5 ./Core/Src/Adafruit_GFX.o
 .debug_macro   0x00017fc4       0x81 ./Core/Src/Adafruit_GFX.o
 .debug_macro   0x00018045       0xd3 ./Core/Src/Adafruit_GFX.o
 .debug_macro   0x00018118      0x2fe ./Core/Src/Adafruit_GFX.o
 .debug_macro   0x00018416      0x285 ./Core/Src/Adafruit_GFX.o
 .debug_macro   0x0001869b       0x2a ./Core/Src/Adafruit_GFX.o
 .debug_macro   0x000186c5       0x61 ./Core/Src/Adafruit_GFX.o
 .debug_macro   0x00018726       0x43 ./Core/Src/Adafruit_GFX.o
 .debug_macro   0x00018769       0x34 ./Core/Src/Adafruit_GFX.o
 .debug_macro   0x0001879d       0x16 ./Core/Src/Adafruit_GFX.o
 .debug_macro   0x000187b3       0x35 ./Core/Src/Adafruit_GFX.o
 .debug_macro   0x000187e8       0x16 ./Core/Src/Adafruit_GFX.o
 .debug_macro   0x000187fe       0x43 ./Core/Src/Adafruit_GFX.o
 .debug_macro   0x00018841       0x34 ./Core/Src/Adafruit_GFX.o
 .debug_macro   0x00018875       0x10 ./Core/Src/Adafruit_GFX.o
 .debug_macro   0x00018885       0x58 ./Core/Src/Adafruit_GFX.o
 .debug_macro   0x000188dd       0x8e ./Core/Src/Adafruit_GFX.o
 .debug_macro   0x0001896b       0x1c ./Core/Src/Adafruit_GFX.o
 .debug_macro   0x00018987      0x177 ./Core/Src/Adafruit_GFX.o
 .debug_macro   0x00018afe      0x369 ./Core/Src/Adafruit_GFX.o
 .debug_macro   0x00018e67       0x16 ./Core/Src/Adafruit_GFX.o
 .debug_macro   0x00018e7d       0x29 ./Core/Src/Adafruit_GFX.o
 .debug_macro   0x00018ea6       0x28 ./Core/Src/Adafruit_GFX.o
 .debug_macro   0x00018ece      0x205 ./Core/Src/ILI9341.o
 .debug_macro   0x000190d3       0x52 ./Core/Src/ILI9341.o
 .debug_macro   0x00019125       0x69 ./Core/Src/fonts.o
 .debug_macro   0x0001918e      0x1c1 ./Core/Src/gpio.o
 .debug_macro   0x0001934f       0x4c ./Core/Src/gpio.o
 .debug_macro   0x0001939b      0x225 ./Core/Src/i2c.o
 .debug_macro   0x000195c0      0x24d ./Core/Src/i2c.o
 .debug_macro   0x0001980d       0xe0 ./Core/Src/i2c.o
 .debug_macro   0x000198ed       0x28 ./Core/Src/i2c.o
 .debug_macro   0x00019915      0x4c2 ./Core/Src/i2c.o
 .debug_macro   0x00019dd7      0x29f ./Core/Src/i2c.o
 .debug_macro   0x0001a076       0x30 ./Core/Src/i2c.o
 .debug_macro   0x0001a0a6       0xa8 ./Core/Src/i2c.o
 .debug_macro   0x0001a14e      0x142 ./Core/Src/i2c.o
 .debug_macro   0x0001a290      0x287 ./Core/Src/i2c.o
 .debug_macro   0x0001a517       0xfe ./Core/Src/i2c.o
 .debug_macro   0x0001a615       0x40 ./Core/Src/i2c.o
 .debug_macro   0x0001a655      0x371 ./Core/Src/main.o
 .debug_macro   0x0001a9c6       0xde ./Core/Src/main.o
 .debug_macro   0x0001aaa4       0xf5 ./Core/Src/main.o
 .debug_macro   0x0001ab99       0x8e ./Core/Src/main.o
 .debug_macro   0x0001ac27      0x19b ./Core/Src/main.o
 .debug_macro   0x0001adc2       0x4c ./Core/Src/main.o
 .debug_macro   0x0001ae0e       0x88 ./Core/Src/main.o
 .debug_macro   0x0001ae96      0x21b ./Core/Src/spi.o
 .debug_macro   0x0001b0b1      0x21b ./Core/Src/stm32f3xx_hal_msp.o
 .debug_macro   0x0001b2cc      0x225 ./Core/Src/stm32f3xx_it.o
 .debug_macro   0x0001b4f1      0x1b2 ./Core/Src/system_stm32f3xx.o
 .debug_macro   0x0001b6a3      0x1d6 ./Drivers/STM32F3xx_HAL_Driver/Src/stm32f3xx_hal.o
 .debug_macro   0x0001b879      0x1b2 ./Drivers/STM32F3xx_HAL_Driver/Src/stm32f3xx_hal_cortex.o
 .debug_macro   0x0001ba2b      0x1b9 ./Drivers/STM32F3xx_HAL_Driver/Src/stm32f3xx_hal_gpio.o
 .debug_macro   0x0001bbe4      0x1d6 ./Drivers/STM32F3xx_HAL_Driver/Src/stm32f3xx_hal_rcc.o
 .debug_macro   0x0001bdba      0x1b2 ./Drivers/STM32F3xx_HAL_Driver/Src/stm32f3xx_hal_rcc_ex.o
 .debug_macro   0x0001bf6c      0x1ba ./Drivers/STM32F3xx_HAL_Driver/Src/stm32f3xx_hal_spi.o
 .debug_macro   0x0001c126      0x1f4 ./Drivers/STM32F3xx_HAL_Driver/Src/stm32f3xx_ll_gpio.o
 .debug_macro   0x0001c31a      0x13c ./Drivers/STM32F3xx_HAL_Driver/Src/stm32f3xx_ll_gpio.o
 .debug_macro   0x0001c456      0x1f4 ./Drivers/STM32F3xx_HAL_Driver/Src/stm32f3xx_ll_i2c.o
 .debug_macro   0x0001c64a      0x247 ./Drivers/STM32F3xx_HAL_Driver/Src/stm32f3xx_ll_i2c.o
 .debug_macro   0x0001c891      0x26e ./FATFS/App/fatfs.o
 .debug_macro   0x0001caff       0xd8 ./FATFS/App/fatfs.o
 .debug_macro   0x0001cbd7      0x323 ./FATFS/Target/user_diskio.o
 .debug_macro   0x0001cefa       0x10 ./FATFS/Target/user_diskio.o
 .debug_macro   0x0001cf0a       0x20 ./FATFS/Target/user_diskio.o
 .debug_macro   0x0001cf2a       0x16 ./FATFS/Target/user_diskio.o
 .debug_macro   0x0001cf40       0x7c ./FATFS/Target/user_diskio.o
 .debug_macro   0x0001cfbc       0x4f ./FATFS/Target/user_diskio.o
 .debug_macro   0x0001d00b      0x25b ./Middlewares/Third_Party/FatFs/src/ff_gen_drv.o

.debug_line     0x00000000     0xe4d8
 .debug_line    0x00000000      0x9ca ./Core/Src/Adafruit_GFX.o
 .debug_line    0x000009ca      0x89e ./Core/Src/ILI9341.o
 .debug_line    0x00001268      0x3fb ./Core/Src/fonts.o
 .debug_line    0x00001663      0x768 ./Core/Src/gpio.o
 .debug_line    0x00001dcb      0xc2b ./Core/Src/i2c.o
 .debug_line    0x000029f6      0xb1d ./Core/Src/main.o
 .debug_line    0x00003513      0x83b ./Core/Src/spi.o
 .debug_line    0x00003d4e      0x86b ./Core/Src/stm32f3xx_hal_msp.o
 .debug_line    0x000045b9      0x8e0 ./Core/Src/stm32f3xx_it.o
 .debug_line    0x00004e99      0x7b1 ./Core/Src/system_stm32f3xx.o
 .debug_line    0x0000564a       0x7a ./Core/Startup/startup_stm32f303k8tx.o
 .debug_line    0x000056c4      0x9e9 ./Drivers/STM32F3xx_HAL_Driver/Src/stm32f3xx_hal.o
 .debug_line    0x000060ad      0xbcf ./Drivers/STM32F3xx_HAL_Driver/Src/stm32f3xx_hal_cortex.o
 .debug_line    0x00006c7c      0xb4c ./Drivers/STM32F3xx_HAL_Driver/Src/stm32f3xx_hal_gpio.o
 .debug_line    0x000077c8     0x137d ./Drivers/STM32F3xx_HAL_Driver/Src/stm32f3xx_hal_rcc.o
 .debug_line    0x00008b45      0xa73 ./Drivers/STM32F3xx_HAL_Driver/Src/stm32f3xx_hal_rcc_ex.o
 .debug_line    0x000095b8     0x1fdf ./Drivers/STM32F3xx_HAL_Driver/Src/stm32f3xx_hal_spi.o
 .debug_line    0x0000b597      0x9f2 ./Drivers/STM32F3xx_HAL_Driver/Src/stm32f3xx_ll_gpio.o
 .debug_line    0x0000bf89      0x907 ./Drivers/STM32F3xx_HAL_Driver/Src/stm32f3xx_ll_i2c.o
 .debug_line    0x0000c890      0x8b9 ./FATFS/App/fatfs.o
 .debug_line    0x0000d149      0xa49 ./FATFS/Target/user_diskio.o
 .debug_line    0x0000db92      0x946 ./Middlewares/Third_Party/FatFs/src/ff_gen_drv.o

.debug_str      0x00000000    0xa1559
 .debug_str     0x00000000    0x95bb1 ./Core/Src/Adafruit_GFX.o
                              0x96151 (size before relaxing)
 .debug_str     0x00095bb1      0x621 ./Core/Src/ILI9341.o
                              0x9353b (size before relaxing)
 .debug_str     0x000961d2       0x14 ./Core/Src/fonts.o
                               0x3d38 (size before relaxing)
 .debug_str     0x000961e6       0xa2 ./Core/Src/gpio.o
                              0x9303e (size before relaxing)
 .debug_str     0x00096288     0x7e9f ./Core/Src/i2c.o
                              0x9aece (size before relaxing)
 .debug_str     0x0009e127     0x14ca ./Core/Src/main.o
                              0x9f202 (size before relaxing)
 .debug_str     0x0009f5f1       0x1f ./Core/Src/spi.o
                              0x9aa6c (size before relaxing)
 .debug_str     0x0009f610       0x63 ./Core/Src/stm32f3xx_hal_msp.o
                              0x9ab27 (size before relaxing)
 .debug_str     0x0009f673       0xc9 ./Core/Src/stm32f3xx_it.o
                              0x9a6d5 (size before relaxing)
 .debug_str     0x0009f73c       0x8b ./Core/Src/system_stm32f3xx.o
                              0x92f41 (size before relaxing)
 .debug_str     0x0009f7c7       0x44 ./Core/Startup/startup_stm32f303k8tx.o
                                 0x74 (size before relaxing)
 .debug_str     0x0009f80b      0x3a2 ./Drivers/STM32F3xx_HAL_Driver/Src/stm32f3xx_hal.o
                              0x93631 (size before relaxing)
 .debug_str     0x0009fbad      0x1a4 ./Drivers/STM32F3xx_HAL_Driver/Src/stm32f3xx_hal_cortex.o
                              0x93556 (size before relaxing)
 .debug_str     0x0009fd51      0x18e ./Drivers/STM32F3xx_HAL_Driver/Src/stm32f3xx_hal_gpio.o
                              0x93120 (size before relaxing)
 .debug_str     0x0009fedf      0x2d1 ./Drivers/STM32F3xx_HAL_Driver/Src/stm32f3xx_hal_rcc.o
                              0x933e1 (size before relaxing)
 .debug_str     0x000a01b0       0xbe ./Drivers/STM32F3xx_HAL_Driver/Src/stm32f3xx_hal_rcc_ex.o
                              0x930e0 (size before relaxing)
 .debug_str     0x000a026e      0x598 ./Drivers/STM32F3xx_HAL_Driver/Src/stm32f3xx_hal_spi.o
                              0x93859 (size before relaxing)
 .debug_str     0x000a0806      0x621 ./Drivers/STM32F3xx_HAL_Driver/Src/stm32f3xx_ll_gpio.o
                              0x9425a (size before relaxing)
 .debug_str     0x000a0e27      0x3e1 ./Drivers/STM32F3xx_HAL_Driver/Src/stm32f3xx_ll_i2c.o
                              0x948aa (size before relaxing)
 .debug_str     0x000a1208      0x1ae ./FATFS/App/fatfs.o
                              0x9af65 (size before relaxing)
 .debug_str     0x000a13b6       0xe9 ./FATFS/Target/user_diskio.o
                              0x9dfef (size before relaxing)
 .debug_str     0x000a149f       0xba ./Middlewares/Third_Party/FatFs/src/ff_gen_drv.o
                              0x9aee2 (size before relaxing)

.comment        0x00000000       0x43
 .comment       0x00000000       0x43 ./Core/Src/Adafruit_GFX.o
                                 0x44 (size before relaxing)
 .comment       0x00000043       0x44 ./Core/Src/ILI9341.o
 .comment       0x00000043       0x44 ./Core/Src/fonts.o
 .comment       0x00000043       0x44 ./Core/Src/gpio.o
 .comment       0x00000043       0x44 ./Core/Src/i2c.o
 .comment       0x00000043       0x44 ./Core/Src/main.o
 .comment       0x00000043       0x44 ./Core/Src/spi.o
 .comment       0x00000043       0x44 ./Core/Src/stm32f3xx_hal_msp.o
 .comment       0x00000043       0x44 ./Core/Src/stm32f3xx_it.o
 .comment       0x00000043       0x44 ./Core/Src/system_stm32f3xx.o
 .comment       0x00000043       0x44 ./Drivers/STM32F3xx_HAL_Driver/Src/stm32f3xx_hal.o
 .comment       0x00000043       0x44 ./Drivers/STM32F3xx_HAL_Driver/Src/stm32f3xx_hal_cortex.o
 .comment       0x00000043       0x44 ./Drivers/STM32F3xx_HAL_Driver/Src/stm32f3xx_hal_gpio.o
 .comment       0x00000043       0x44 ./Drivers/STM32F3xx_HAL_Driver/Src/stm32f3xx_hal_rcc.o
 .comment       0x00000043       0x44 ./Drivers/STM32F3xx_HAL_Driver/Src/stm32f3xx_hal_rcc_ex.o
 .comment       0x00000043       0x44 ./Drivers/STM32F3xx_HAL_Driver/Src/stm32f3xx_hal_spi.o
 .comment       0x00000043       0x44 ./Drivers/STM32F3xx_HAL_Driver/Src/stm32f3xx_ll_gpio.o
 .comment       0x00000043       0x44 ./Drivers/STM32F3xx_HAL_Driver/Src/stm32f3xx_ll_i2c.o
 .comment       0x00000043       0x44 ./FATFS/App/fatfs.o
 .comment       0x00000043       0x44 ./FATFS/Target/user_diskio.o
 .comment       0x00000043       0x44 ./Middlewares/Third_Party/FatFs/src/ff_gen_drv.o

.debug_frame    0x00000000     0x22a8
 .debug_frame   0x00000000      0x114 ./Core/Src/Adafruit_GFX.o
 .debug_frame   0x00000114       0xf0 ./Core/Src/ILI9341.o
 .debug_frame   0x00000204       0x34 ./Core/Src/gpio.o
 .debug_frame   0x00000238      0x3e0 ./Core/Src/i2c.o
 .debug_frame   0x00000618       0x68 ./Core/Src/main.o
 .debug_frame   0x00000680       0x2c ./Core/Src/spi.o
 .debug_frame   0x000006ac       0x80 ./Core/Src/stm32f3xx_hal_msp.o
 .debug_frame   0x0000072c      0x104 ./Core/Src/stm32f3xx_it.o
 .debug_frame   0x00000830       0x58 ./Core/Src/system_stm32f3xx.o
 .debug_frame   0x00000888      0x334 ./Drivers/STM32F3xx_HAL_Driver/Src/stm32f3xx_hal.o
 .debug_frame   0x00000bbc      0x428 ./Drivers/STM32F3xx_HAL_Driver/Src/stm32f3xx_hal_cortex.o
 .debug_frame   0x00000fe4      0x14c ./Drivers/STM32F3xx_HAL_Driver/Src/stm32f3xx_hal_gpio.o
 .debug_frame   0x00001130      0x214 ./Drivers/STM32F3xx_HAL_Driver/Src/stm32f3xx_hal_rcc.o
 .debug_frame   0x00001344       0xac ./Drivers/STM32F3xx_HAL_Driver/Src/stm32f3xx_hal_rcc_ex.o
 .debug_frame   0x000013f0      0x860 ./Drivers/STM32F3xx_HAL_Driver/Src/stm32f3xx_hal_spi.o
 .debug_frame   0x00001c50      0x1c0 ./Drivers/STM32F3xx_HAL_Driver/Src/stm32f3xx_ll_gpio.o
 .debug_frame   0x00001e10      0x238 ./Drivers/STM32F3xx_HAL_Driver/Src/stm32f3xx_ll_i2c.o
 .debug_frame   0x00002048       0x4c ./FATFS/App/fatfs.o
 .debug_frame   0x00002094       0xd8 ./FATFS/Target/user_diskio.o
 .debug_frame   0x0000216c       0xc8 ./Middlewares/Third_Party/FatFs/src/ff_gen_drv.o
 .debug_frame   0x00002234       0x20 C:/ST/STM32CubeIDE_1.16.0/STM32CubeIDE/plugins/com.st.stm32cube.ide.mcu.externaltools.gnu-tools-for-stm32.12.3.rel1.win32_1.0.200.202406191623/tools/bin/../lib/gcc/arm-none-eabi/12.3.1/../../../../arm-none-eabi/lib/thumb/v7e-m+fp/hard\libc_nano.a(libc_a-memset.o)
 .debug_frame   0x00002254       0x2c C:/ST/STM32CubeIDE_1.16.0/STM32CubeIDE/plugins/com.st.stm32cube.ide.mcu.externaltools.gnu-tools-for-stm32.12.3.rel1.win32_1.0.200.202406191623/tools/bin/../lib/gcc/arm-none-eabi/12.3.1/../../../../arm-none-eabi/lib/thumb/v7e-m+fp/hard\libc_nano.a(libc_a-init.o)
 .debug_frame   0x00002280       0x28 C:/ST/STM32CubeIDE_1.16.0/STM32CubeIDE/plugins/com.st.stm32cube.ide.mcu.externaltools.gnu-tools-for-stm32.12.3.rel1.win32_1.0.200.202406191623/tools/bin/../lib/gcc/arm-none-eabi/12.3.1/../../../../arm-none-eabi/lib/thumb/v7e-m+fp/hard\libc_nano.a(libc_a-memcpy-stub.o)

.debug_line_str
                0x00000000       0x58
 .debug_line_str
                0x00000000       0x58 ./Core/Startup/startup_stm32f303k8tx.o
