../Drivers/STM32F3xx_HAL_Driver/Inc/stm32f3xx_ll_i2c.h:644:22:LL_I2C_EnableClockStretching	16	static
../Drivers/STM32F3xx_HAL_Driver/Inc/stm32f3xx_ll_i2c.h:764:22:LL_I2C_DisableGeneralCall	16	static
../Drivers/STM32F3xx_HAL_Driver/Inc/stm32f3xx_ll_i2c.h:875:22:LL_I2C_SetOwnAddress2	24	static
../Drivers/STM32F3xx_HAL_Driver/Inc/stm32f3xx_ll_i2c.h:897:22:LL_I2C_DisableOwnAddress2	16	static
../Drivers/STM32F3xx_HAL_Driver/Inc/stm32f3xx_ll_i2c.h:1879:22:LL_I2C_EnableAutoEndMode	16	static
../Drivers/STM32F3xx_HAL_Driver/Inc/stm32f3xx_ll_bus.h:285:22:LL_AHB1_GRP1_EnableClock	24	static
../Drivers/STM32F3xx_HAL_Driver/Inc/stm32f3xx_ll_bus.h:535:22:LL_APB1_GRP1_EnableClock	24	static
../Core/Src/main.c:79:5:main	8	static
../Core/Src/main.c:148:6:SystemClock_Config	96	static
../Core/Src/main.c:197:6:MX_I2C1_Init	64	static
../Core/Src/main.c:254:7:MX_SPI1_Init	8	static
../Core/Src/main.c:294:6:MX_GPIO_Init	40	static
../Core/Src/main.c:343:6:Error_Handler	4	static,ignoring_inline_asm
