../Drivers/STM32F3xx_HAL_Driver/Inc/stm32f3xx_ll_i2c.h:644:22:LL_I2C_EnableClockStretching	1
../Drivers/STM32F3xx_HAL_Driver/Inc/stm32f3xx_ll_i2c.h:764:22:LL_I2C_DisableGeneralCall	1
../Drivers/STM32F3xx_HAL_Driver/Inc/stm32f3xx_ll_i2c.h:875:22:LL_I2C_SetOwnAddress2	1
../Drivers/STM32F3xx_HAL_Driver/Inc/stm32f3xx_ll_i2c.h:897:22:LL_I2C_DisableOwnAddress2	1
../Drivers/STM32F3xx_HAL_Driver/Inc/stm32f3xx_ll_i2c.h:1879:22:LL_I2C_EnableAutoEndMode	1
../Drivers/STM32F3xx_HAL_Driver/Inc/stm32f3xx_ll_bus.h:285:22:LL_AHB1_GRP1_EnableClock	1
../Drivers/STM32F3xx_HAL_Driver/Inc/stm32f3xx_ll_bus.h:535:22:LL_APB1_GRP1_EnableClock	1
../Core/Src/main.c:79:5:main	1
../Core/Src/main.c:148:6:SystemClock_Config	4
../Core/Src/main.c:197:6:MX_I2C1_Init	1
../Core/Src/main.c:254:7:MX_SPI1_Init	2
../Core/Src/main.c:294:6:MX_GPIO_Init	1
../Core/Src/main.c:343:6:Error_Handler	1
